******************************************************************************
                  TI ARM Linker PC v18.12.3                    
******************************************************************************
>> Linked Wed Feb 26 14:25:01 2020

OUTPUT FILE NAME:   <RTOS.out>
ENTRY POINT SYMBOL: "_c_int00_noargs"  address: 00000bad


MEMORY CONFIGURATION

         name            origin    length      used     unused   attr    fill
----------------------  --------  ---------  --------  --------  ----  --------
  FLASH                 00000000   00040000  00000c76  0003f38a  R  X
  SRAM                  20000000   00008000  0000646c  00001b94  RW X


SEGMENT ALLOCATION MAP

run origin  load origin   length   init length attrs members
----------  ----------- ---------- ----------- ----- -------
00000000    00000000    00000c78   00000c78    r-x
  00000000    00000000    0000026c   0000026c    r-- .intvecs
  0000026c    0000026c    000009da   000009da    r-x .text
  00000c48    00000c48    00000030   00000030    r-- .cinit
20000000    20000000    0000646c   00000000    rw-
  20000000    20000000    00006268   00000000    rw- .bss
  20006268    20006268    00000200   00000000    rw- .stack
  20006468    20006468    00000004   00000000    rw- .data


SECTION ALLOCATION MAP

 output                                  attributes/
section   page    origin      length       input sections
--------  ----  ----------  ----------   ----------------
.intvecs   0    00000000    0000026c     
                  00000000    0000026c     tm4c123gh6pm_startup_ccs.obj (.intvecs)

.text      0    0000026c    000009da     
                  0000026c    000006d4     rtos.obj (.text)
                  00000940    000000aa     asm.obj (.text)
                  000009ea    0000009c     rtsv7M4_T_le_v4SPD16_eabi.lib : memcpy_t2.asm.obj (.text)
                  00000a86    0000007a                                   : memset_t2.asm.obj (.text)
                  00000b00    00000068                                   : copy_decompress_lzss.c.obj (.text:decompress:lzss:__TI_decompress_lzss)
                  00000b68    00000044                                   : autoinit.c.obj (.text:__TI_auto_init_nobinit_nopinit:__TI_auto_init_nobinit_nopinit)
                  00000bac    00000034                                   : boot_cortex_m.c.obj (.text:_c_int00_noargs:_c_int00_noargs)
                  00000be0    00000024     wait.obj (.text)
                  00000c04    00000014     rtsv7M4_T_le_v4SPD16_eabi.lib : strcpy.c.obj (.text:strcpy)
                  00000c18    0000000e                                   : copy_decompress_none.c.obj (.text:decompress:none:__TI_decompress_none)
                  00000c26    0000000c                                   : copy_zero_init.c.obj (.text:decompress:ZI:__TI_zero_init)
                  00000c32    0000000c     tm4c123gh6pm_startup_ccs.obj (.text)
                  00000c3e    00000004     rtsv7M4_T_le_v4SPD16_eabi.lib : pre_init.c.obj (.text:_system_pre_init)
                  00000c42    00000004                                   : exit.c.obj (.text:abort:abort)

.cinit     0    00000c48    00000030     
                  00000c48    0000000c     (__TI_handler_table)
                  00000c54    00000004     --HOLE-- [fill = 0]
                  00000c58    00000008     (.cinit..bss.load) [load image, compression = zero_init]
                  00000c60    00000008     (.cinit..data.load) [load image, compression = lzss]
                  00000c68    00000010     (__TI_cinit_table)

.init_array 
*          0    00000000    00000000     UNINITIALIZED

.bss       0    20000000    00006268     UNINITIALIZED
                  20000000    00005fd0     (.common:stack)
                  20005fd0    00000210     (.common:tcb)
                  200061e0    00000078     (.common:semaphores)
                  20006258    00000004     (.common:flashReq)
                  2000625c    00000004     (.common:keyPressed)
                  20006260    00000004     (.common:keyReleased)
                  20006264    00000004     (.common:resource)

.data      0    20006468    00000004     UNINITIALIZED
                  20006468    00000004     rtos.obj (.data)

.stack     0    20006268    00000200     UNINITIALIZED
                  20006268    00000004     rtsv7M4_T_le_v4SPD16_eabi.lib : boot_cortex_m.c.obj (.stack)
                  2000626c    000001fc     --HOLE--

MODULE SUMMARY

       Module                         code   ro data   rw data
       ------                         ----   -------   -------
    .\
       rtos.obj                       1748   0         25196  
       tm4c123gh6pm_startup_ccs.obj   12     620       0      
       asm.obj                        170    0         0      
       wait.obj                       36     0         0      
    +--+------------------------------+------+---------+---------+
       Total:                         1966   620       25196  
                                                              
    C:\ti\ccs920\ccs\tools\compiler\ti-cgt-arm_18.12.3.LTS\lib\rtsv7M4_T_le_v4SPD16_eabi.lib
       memcpy_t2.asm.obj              156    0         0      
       memset_t2.asm.obj              122    0         0      
       copy_decompress_lzss.c.obj     104    0         0      
       autoinit.c.obj                 68     0         0      
       boot_cortex_m.c.obj            52     0         0      
       strcpy.c.obj                   20     0         0      
       copy_decompress_none.c.obj     14     0         0      
       copy_zero_init.c.obj           12     0         0      
       exit.c.obj                     4      0         0      
       pre_init.c.obj                 4      0         0      
    +--+------------------------------+------+---------+---------+
       Total:                         556    0         0      
                                                              
       Stack:                         0      0         512    
       Linker Generated:              0      44        0      
    +--+------------------------------+------+---------+---------+
       Grand Total:                   2522   664       25708  


LINKER GENERATED COPY TABLES

__TI_cinit_table @ 00000c68 records: 2, size/record: 8, table size: 16
	.bss: load addr=00000c58, load size=00000008 bytes, run addr=20000000, run size=00006268 bytes, compression=zero_init
	.data: load addr=00000c60, load size=00000008 bytes, run addr=20006468, run size=00000004 bytes, compression=lzss


LINKER GENERATED HANDLER TABLE

__TI_handler_table @ 00000c48 records: 3, size/record: 4, table size: 12
	index: 0, handler: __TI_decompress_lzss
	index: 1, handler: __TI_decompress_none
	index: 2, handler: __TI_zero_init


GLOBAL SYMBOLS: SORTED ALPHABETICALLY BY Name 

address   name                          
-------   ----                          
00000c43  C$$EXIT                       
00000c33  ResetISR                      
20006468  __STACK_END                   
00000200  __STACK_SIZE                  
20006468  __STACK_TOP                   
00000c68  __TI_CINIT_Base               
00000c78  __TI_CINIT_Limit              
00000c48  __TI_Handler_Table_Base       
00000c54  __TI_Handler_Table_Limit      
00000b69  __TI_auto_init_nobinit_nopinit
00000b01  __TI_decompress_lzss          
00000c19  __TI_decompress_none          
ffffffff  __TI_pprof_out_hndl           
ffffffff  __TI_prof_data_size           
ffffffff  __TI_prof_data_start          
00000000  __TI_static_base__            
00000c27  __TI_zero_init                
00000a87  __aeabi_memclr                
00000a87  __aeabi_memclr4               
00000a87  __aeabi_memclr8               
000009eb  __aeabi_memcpy                
000009eb  __aeabi_memcpy4               
000009eb  __aeabi_memcpy8               
00000a89  __aeabi_memset                
00000a89  __aeabi_memset4               
00000a89  __aeabi_memset8               
ffffffff  __binit__                     
ffffffff  __c_args__                    
UNDEFED   __mpu_init                    
20006268  __stack                       
00000bad  _c_int00_noargs               
UNDEFED   _system_post_cinit            
00000c3f  _system_pre_init              
00000c43  abort                         
ffffffff  binit                         
00000965  callSvc                       
00000451  createSemaphore               
0000031d  createThread                  
000007a1  debounce                      
00000439  destroyThread                 
0000065f  flash4Hz                      
20006258  flashReq                      
00000000  g_pfnVectors                  
000009e5  getPsp                        
00000627  idle                          
00000643  idle2                         
000007f7  important                     
00000589  initHw                        
0000026d  initRtos                      
2000625c  keyPressed                    
20006260  keyReleased                   
000006a3  lengthyFn                     
0000082d  main                          
000009eb  memcpy                        
00000a8f  memset                        
00000673  oneshot                       
00000693  partOfLengthyFn               
000004e3  pendSvIsr                     
000009a7  popReg                        
000004d7  post                          
00000969  pushReg                       
00000701  readKeys                      
00000623  readPbs                       
20006264  resource                      
0000042f  restartThread                 
000002bb  rtosScheduler                 
20006468  semaphoreCount                
200061e0  semaphores                    
00000945  setPsp                        
00000941  setSp                         
00000443  setThreadPriority             
0000081f  shell                         
000004c3  sleep                         
20000000  stack                         
00000485  startRtos                     
00000c05  strcpy                        
0000056f  svCallIsr                     
000004e1  systickIsr                    
2000646a  taskCount                     
20006469  taskCurrent                   
20005fd0  tcb                           
0000094b  turnPspOn                     
000007e7  uncooperative                 
000004cd  wait                          
00000be1  waitMicrosecond               
000004bb  yield                         


GLOBAL SYMBOLS: SORTED BY Symbol Address 

address   name                          
-------   ----                          
00000000  __TI_static_base__            
00000000  g_pfnVectors                  
00000200  __STACK_SIZE                  
0000026d  initRtos                      
000002bb  rtosScheduler                 
0000031d  createThread                  
0000042f  restartThread                 
00000439  destroyThread                 
00000443  setThreadPriority             
00000451  createSemaphore               
00000485  startRtos                     
000004bb  yield                         
000004c3  sleep                         
000004cd  wait                          
000004d7  post                          
000004e1  systickIsr                    
000004e3  pendSvIsr                     
0000056f  svCallIsr                     
00000589  initHw                        
00000623  readPbs                       
00000627  idle                          
00000643  idle2                         
0000065f  flash4Hz                      
00000673  oneshot                       
00000693  partOfLengthyFn               
000006a3  lengthyFn                     
00000701  readKeys                      
000007a1  debounce                      
000007e7  uncooperative                 
000007f7  important                     
0000081f  shell                         
0000082d  main                          
00000941  setSp                         
00000945  setPsp                        
0000094b  turnPspOn                     
00000965  callSvc                       
00000969  pushReg                       
000009a7  popReg                        
000009e5  getPsp                        
000009eb  __aeabi_memcpy                
000009eb  __aeabi_memcpy4               
000009eb  __aeabi_memcpy8               
000009eb  memcpy                        
00000a87  __aeabi_memclr                
00000a87  __aeabi_memclr4               
00000a87  __aeabi_memclr8               
00000a89  __aeabi_memset                
00000a89  __aeabi_memset4               
00000a89  __aeabi_memset8               
00000a8f  memset                        
00000b01  __TI_decompress_lzss          
00000b69  __TI_auto_init_nobinit_nopinit
00000bad  _c_int00_noargs               
00000be1  waitMicrosecond               
00000c05  strcpy                        
00000c19  __TI_decompress_none          
00000c27  __TI_zero_init                
00000c33  ResetISR                      
00000c3f  _system_pre_init              
00000c43  C$$EXIT                       
00000c43  abort                         
00000c48  __TI_Handler_Table_Base       
00000c54  __TI_Handler_Table_Limit      
00000c68  __TI_CINIT_Base               
00000c78  __TI_CINIT_Limit              
20000000  stack                         
20005fd0  tcb                           
200061e0  semaphores                    
20006258  flashReq                      
2000625c  keyPressed                    
20006260  keyReleased                   
20006264  resource                      
20006268  __stack                       
20006468  __STACK_END                   
20006468  __STACK_TOP                   
20006468  semaphoreCount                
20006469  taskCurrent                   
2000646a  taskCount                     
ffffffff  __TI_pprof_out_hndl           
ffffffff  __TI_prof_data_size           
ffffffff  __TI_prof_data_start          
ffffffff  __binit__                     
ffffffff  __c_args__                    
ffffffff  binit                         
UNDEFED   __mpu_init                    
UNDEFED   _system_post_cinit            

[86 symbols]
