******************************************************************************
                  TI ARM Linker PC v18.12.3                    
******************************************************************************
>> Linked Mon Mar 23 13:07:11 2020

OUTPUT FILE NAME:   <RTOS.out>
ENTRY POINT SYMBOL: "_c_int00_noargs"  address: 00002455


MEMORY CONFIGURATION

         name            origin    length      used     unused   attr    fill
----------------------  --------  ---------  --------  --------  ----  --------
  FLASH                 00000000   00040000  00002554  0003daac  R  X
  SRAM                  20000000   00008000  000066a6  0000195a  RW X


SEGMENT ALLOCATION MAP

run origin  load origin   length   init length attrs members
----------  ----------- ---------- ----------- ----- -------
00000000    00000000    00002558   00002558    r-x
  00000000    00000000    0000026c   0000026c    r-- .intvecs
  0000026c    0000026c    000022b0   000022b0    r-x .text
  00002520    00002520    00000038   00000038    r-- .cinit
20000000    20000000    000066aa   00000000    rw-
  20000000    20000000    0000649c   00000000    rw- .bss
  200064a0    200064a0    00000200   00000000    rw- .stack
  200066a0    200066a0    0000000a   00000000    rw- .data


SECTION ALLOCATION MAP

 output                                  attributes/
section   page    origin      length       input sections
--------  ----  ----------  ----------   ----------------
.intvecs   0    00000000    0000026c     
                  00000000    0000026c     tm4c123gh6pm_startup_ccs.obj (.intvecs)

.text      0    0000026c    000022b0     
                  0000026c    00001f44     rtos.obj (.text)
                  000021b0    000000e2     asm.obj (.text)
                  00002292    0000009c     rtsv7M4_T_le_v4SPD16_eabi.lib : memcpy_t2.asm.obj (.text)
                  0000232e    0000007a                                   : memset_t2.asm.obj (.text)
                  000023a8    00000068                                   : copy_decompress_lzss.c.obj (.text:decompress:lzss:__TI_decompress_lzss)
                  00002410    00000044                                   : autoinit.c.obj (.text:__TI_auto_init_nobinit_nopinit:__TI_auto_init_nobinit_nopinit)
                  00002454    00000034                                   : boot_cortex_m.c.obj (.text:_c_int00_noargs:_c_int00_noargs)
                  00002488    00000026     wait.obj (.text)
                  000024ae    00000018     rtsv7M4_T_le_v4SPD16_eabi.lib : strcmp.c.obj (.text:strcmp)
                  000024c6    00000014                                   : strcpy.c.obj (.text:strcpy)
                  000024da    00000014                                   : strlen.c.obj (.text:strlen)
                  000024ee    0000000e                                   : copy_decompress_none.c.obj (.text:decompress:none:__TI_decompress_none)
                  000024fc    0000000c                                   : copy_zero_init.c.obj (.text:decompress:ZI:__TI_zero_init)
                  00002508    0000000c     tm4c123gh6pm_startup_ccs.obj (.text)
                  00002514    00000004     rtsv7M4_T_le_v4SPD16_eabi.lib : pre_init.c.obj (.text:_system_pre_init)
                  00002518    00000004                                   : exit.c.obj (.text:abort:abort)

.cinit     0    00002520    00000038     
                  00002520    0000000e     (.cinit..data.load) [load image, compression = lzss]
                  0000252e    00000002     --HOLE-- [fill = 0]
                  00002530    0000000c     (__TI_handler_table)
                  0000253c    00000004     --HOLE-- [fill = 0]
                  00002540    00000008     (.cinit..bss.load) [load image, compression = zero_init]
                  00002548    00000010     (__TI_cinit_table)

.init_array 
*          0    00000000    00000000     UNINITIALIZED

.bss       0    20000000    0000649c     UNINITIALIZED
                  20000000    00006000     (.common:stack)
                  20006000    000002a0     (.common:tcb)
                  200062a0    000000dc     (.common:semaphores)
                  2000637c    00000054     (.common:str)
                  200063d0    00000054     (.common:str1)
                  20006424    00000054     (.common:str2)
                  20006478    0000000c     (.common:intStr)
                  20006484    00000008     (.common:pos)
                  2000648c    00000004     (.common:flashReq)
                  20006490    00000004     (.common:keyPressed)
                  20006494    00000004     (.common:keyReleased)
                  20006498    00000004     (.common:resource)

.data      0    200066a0    0000000a     UNINITIALIZED
                  200066a0    0000000a     rtos.obj (.data)

.stack     0    200064a0    00000200     UNINITIALIZED
                  200064a0    00000004     rtsv7M4_T_le_v4SPD16_eabi.lib : boot_cortex_m.c.obj (.stack)
                  200064a4    000001fc     --HOLE--

MODULE SUMMARY

       Module                         code   ro data   rw data
       ------                         ----   -------   -------
    .\
       rtos.obj                       8004   0         25766  
       tm4c123gh6pm_startup_ccs.obj   12     620       0      
       asm.obj                        226    0         0      
       wait.obj                       38     0         0      
    +--+------------------------------+------+---------+---------+
       Total:                         8280   620       25766  
                                                              
    C:\ti\ccs920\ccs\tools\compiler\ti-cgt-arm_18.12.3.LTS\lib\rtsv7M4_T_le_v4SPD16_eabi.lib
       memcpy_t2.asm.obj              156    0         0      
       memset_t2.asm.obj              122    0         0      
       copy_decompress_lzss.c.obj     104    0         0      
       autoinit.c.obj                 68     0         0      
       boot_cortex_m.c.obj            52     0         0      
       strcmp.c.obj                   24     0         0      
       strcpy.c.obj                   20     0         0      
       strlen.c.obj                   20     0         0      
       copy_decompress_none.c.obj     14     0         0      
       copy_zero_init.c.obj           12     0         0      
       exit.c.obj                     4      0         0      
       pre_init.c.obj                 4      0         0      
    +--+------------------------------+------+---------+---------+
       Total:                         600    0         0      
                                                              
       Stack:                         0      0         512    
       Linker Generated:              0      50        0      
    +--+------------------------------+------+---------+---------+
       Grand Total:                   8880   670       26278  


LINKER GENERATED COPY TABLES

__TI_cinit_table @ 00002548 records: 2, size/record: 8, table size: 16
	.data: load addr=00002520, load size=0000000e bytes, run addr=200066a0, run size=0000000a bytes, compression=lzss
	.bss: load addr=00002540, load size=00000008 bytes, run addr=20000000, run size=0000649c bytes, compression=zero_init


LINKER GENERATED HANDLER TABLE

__TI_handler_table @ 00002530 records: 3, size/record: 4, table size: 12
	index: 0, handler: __TI_decompress_lzss
	index: 1, handler: __TI_decompress_none
	index: 2, handler: __TI_zero_init


GLOBAL SYMBOLS: SORTED ALPHABETICALLY BY Name 

address   name                          
-------   ----                          
00002519  C$$EXIT                       
00002509  ResetISR                      
00001305  StrToInt                      
200066a0  __STACK_END                   
00000200  __STACK_SIZE                  
200066a0  __STACK_TOP                   
00002548  __TI_CINIT_Base               
00002558  __TI_CINIT_Limit              
00002530  __TI_Handler_Table_Base       
0000253c  __TI_Handler_Table_Limit      
00002411  __TI_auto_init_nobinit_nopinit
000023a9  __TI_decompress_lzss          
000024ef  __TI_decompress_none          
ffffffff  __TI_pprof_out_hndl           
ffffffff  __TI_prof_data_size           
ffffffff  __TI_prof_data_start          
00000000  __TI_static_base__            
000024fd  __TI_zero_init                
0000232f  __aeabi_memclr                
0000232f  __aeabi_memclr4               
0000232f  __aeabi_memclr8               
00002293  __aeabi_memcpy                
00002293  __aeabi_memcpy4               
00002293  __aeabi_memcpy8               
00002331  __aeabi_memset                
00002331  __aeabi_memset4               
00002331  __aeabi_memset8               
ffffffff  __binit__                     
ffffffff  __c_args__                    
UNDEFED   __mpu_init                    
200064a0  __stack                       
00002455  _c_int00_noargs               
UNDEFED   _system_post_cinit            
00002515  _system_pre_init              
00002519  abort                         
200066a3  argCount                      
ffffffff  binit                         
200066a2  count                         
00000781  createSemaphore               
000005bd  createThread                  
0000116d  debounce                      
00000715  destroyThread                 
200066a5  firstTime                     
00000fd9  flash4Hz                      
2000648c  flashReq                      
00000000  g_pfnVectors                  
0000224d  getPsp                        
00002269  getR0                         
000002e1  getString                     
00002253  getSvcNo                      
00000277  getcUart0                     
00000f9d  idle                          
00000fb9  idle2                         
000011e9  important                     
00000db1  initHw                        
00000387  initRtos                      
20006478  intStr                        
00001249  intToStr                      
000013c5  isCommand                     
20006490  keyPressed                    
20006494  keyReleased                   
0000101d  lengthyFn                     
00001f01  main                          
00002293  memcpy                        
00002337  memset                        
00000fed  oneshot                       
00001d55  parseString                   
0000100d  partOfLengthyFn               
000008fd  pendSvIsr                     
200066a7  pi                            
0000220f  popReg                        
20006484  pos                           
00001c59  posArg                        
00000827  post                          
200066a6  preempt                       
0000026d  printline                     
200066a4  priorityScheduler             
000021d1  pushReg                       
00000293  putcUart0                     
000002af  putsUart0                     
00001089  readKeys                      
00000f19  readPbs                       
20006498  resource                      
00000701  restartThread                 
000003dd  rtosScheduler                 
200066a8  semaphoreCount                
200062a0  semaphores                    
0000226f  setLr                         
000021b5  setPsp                        
000021b1  setSp                         
00000721  setThreadPriority             
00001e45  shell                         
0000080f  sleep                         
20000000  stack                         
000007bf  startRtos                     
2000637c  str                           
200063d0  str1                          
20006424  str2                          
000024af  strcmp                        
000024c7  strcpy                        
000024db  strlen                        
00000a59  svCallIsr                     
00000833  systickIsr                    
200066a1  taskCount                     
200066a0  taskCurrent                   
20006000  tcb                           
000021bb  turnPspOn                     
000011bd  uncooperative                 
0000081b  wait                          
00002489  waitMicrosecond               
0000080b  yield                         


GLOBAL SYMBOLS: SORTED BY Symbol Address 

address   name                          
-------   ----                          
00000000  __TI_static_base__            
00000000  g_pfnVectors                  
00000200  __STACK_SIZE                  
0000026d  printline                     
00000277  getcUart0                     
00000293  putcUart0                     
000002af  putsUart0                     
000002e1  getString                     
00000387  initRtos                      
000003dd  rtosScheduler                 
000005bd  createThread                  
00000701  restartThread                 
00000715  destroyThread                 
00000721  setThreadPriority             
00000781  createSemaphore               
000007bf  startRtos                     
0000080b  yield                         
0000080f  sleep                         
0000081b  wait                          
00000827  post                          
00000833  systickIsr                    
000008fd  pendSvIsr                     
00000a59  svCallIsr                     
00000db1  initHw                        
00000f19  readPbs                       
00000f9d  idle                          
00000fb9  idle2                         
00000fd9  flash4Hz                      
00000fed  oneshot                       
0000100d  partOfLengthyFn               
0000101d  lengthyFn                     
00001089  readKeys                      
0000116d  debounce                      
000011bd  uncooperative                 
000011e9  important                     
00001249  intToStr                      
00001305  StrToInt                      
000013c5  isCommand                     
00001c59  posArg                        
00001d55  parseString                   
00001e45  shell                         
00001f01  main                          
000021b1  setSp                         
000021b5  setPsp                        
000021bb  turnPspOn                     
000021d1  pushReg                       
0000220f  popReg                        
0000224d  getPsp                        
00002253  getSvcNo                      
00002269  getR0                         
0000226f  setLr                         
00002293  __aeabi_memcpy                
00002293  __aeabi_memcpy4               
00002293  __aeabi_memcpy8               
00002293  memcpy                        
0000232f  __aeabi_memclr                
0000232f  __aeabi_memclr4               
0000232f  __aeabi_memclr8               
00002331  __aeabi_memset                
00002331  __aeabi_memset4               
00002331  __aeabi_memset8               
00002337  memset                        
000023a9  __TI_decompress_lzss          
00002411  __TI_auto_init_nobinit_nopinit
00002455  _c_int00_noargs               
00002489  waitMicrosecond               
000024af  strcmp                        
000024c7  strcpy                        
000024db  strlen                        
000024ef  __TI_decompress_none          
000024fd  __TI_zero_init                
00002509  ResetISR                      
00002515  _system_pre_init              
00002519  C$$EXIT                       
00002519  abort                         
00002530  __TI_Handler_Table_Base       
0000253c  __TI_Handler_Table_Limit      
00002548  __TI_CINIT_Base               
00002558  __TI_CINIT_Limit              
20000000  stack                         
20006000  tcb                           
200062a0  semaphores                    
2000637c  str                           
200063d0  str1                          
20006424  str2                          
20006478  intStr                        
20006484  pos                           
2000648c  flashReq                      
20006490  keyPressed                    
20006494  keyReleased                   
20006498  resource                      
200064a0  __stack                       
200066a0  __STACK_END                   
200066a0  __STACK_TOP                   
200066a0  taskCurrent                   
200066a1  taskCount                     
200066a2  count                         
200066a3  argCount                      
200066a4  priorityScheduler             
200066a5  firstTime                     
200066a6  preempt                       
200066a7  pi                            
200066a8  semaphoreCount                
ffffffff  __TI_pprof_out_hndl           
ffffffff  __TI_prof_data_size           
ffffffff  __TI_prof_data_start          
ffffffff  __binit__                     
ffffffff  __c_args__                    
ffffffff  binit                         
UNDEFED   __mpu_init                    
UNDEFED   _system_post_cinit            

[111 symbols]
