<?xml version="1.0" encoding="ISO-8859-1" ?>
<link_info>
   <banner>TI ARM Linker PC v18.12.3.LTS</banner>
   <copyright>Copyright (c) 1996-2018 Texas Instruments Incorporated</copyright>
   <link_time>0x5e56d41d</link_time>
   <link_errors>0x0</link_errors>
   <output_file>RTOS.out</output_file>
   <entry_point>
      <name>_c_int00_noargs</name>
      <address>0xbad</address>
   </entry_point>
   <input_file_list>
      <input_file id="fl-2">
         <path>.\</path>
         <kind>object</kind>
         <file>asm.obj</file>
         <name>asm.obj</name>
      </input_file>
      <input_file id="fl-3">
         <path>.\</path>
         <kind>object</kind>
         <file>rtos.obj</file>
         <name>rtos.obj</name>
      </input_file>
      <input_file id="fl-4">
         <path>.\</path>
         <kind>object</kind>
         <file>tm4c123gh6pm_startup_ccs.obj</file>
         <name>tm4c123gh6pm_startup_ccs.obj</name>
      </input_file>
      <input_file id="fl-5">
         <path>.\</path>
         <kind>object</kind>
         <file>wait.obj</file>
         <name>wait.obj</name>
      </input_file>
      <input_file id="fl-9">
         <kind>object</kind>
         <file>&lt;internal&gt;</file>
         <name>&lt;internal&gt;</name>
      </input_file>
      <input_file id="fl-bf">
         <path>C:\ti\ccs920\ccs\tools\compiler\ti-cgt-arm_18.12.3.LTS\lib\</path>
         <kind>archive</kind>
         <file>rtsv7M4_T_le_v4SPD16_eabi.lib</file>
         <name>copy_zero_init.c.obj</name>
      </input_file>
      <input_file id="fl-c0">
         <path>C:\ti\ccs920\ccs\tools\compiler\ti-cgt-arm_18.12.3.LTS\lib\</path>
         <kind>archive</kind>
         <file>rtsv7M4_T_le_v4SPD16_eabi.lib</file>
         <name>copy_decompress_none.c.obj</name>
      </input_file>
      <input_file id="fl-c1">
         <path>C:\ti\ccs920\ccs\tools\compiler\ti-cgt-arm_18.12.3.LTS\lib\</path>
         <kind>archive</kind>
         <file>rtsv7M4_T_le_v4SPD16_eabi.lib</file>
         <name>copy_decompress_lzss.c.obj</name>
      </input_file>
      <input_file id="fl-c2">
         <path>C:\ti\ccs920\ccs\tools\compiler\ti-cgt-arm_18.12.3.LTS\lib\</path>
         <kind>archive</kind>
         <file>rtsv7M4_T_le_v4SPD16_eabi.lib</file>
         <name>strcpy.c.obj</name>
      </input_file>
      <input_file id="fl-c3">
         <path>C:\ti\ccs920\ccs\tools\compiler\ti-cgt-arm_18.12.3.LTS\lib\</path>
         <kind>archive</kind>
         <file>rtsv7M4_T_le_v4SPD16_eabi.lib</file>
         <name>boot_cortex_m.c.obj</name>
      </input_file>
      <input_file id="fl-c4">
         <path>C:\ti\ccs920\ccs\tools\compiler\ti-cgt-arm_18.12.3.LTS\lib\</path>
         <kind>archive</kind>
         <file>rtsv7M4_T_le_v4SPD16_eabi.lib</file>
         <name>memset_t2.asm.obj</name>
      </input_file>
      <input_file id="fl-c5">
         <path>C:\ti\ccs920\ccs\tools\compiler\ti-cgt-arm_18.12.3.LTS\lib\</path>
         <kind>archive</kind>
         <file>rtsv7M4_T_le_v4SPD16_eabi.lib</file>
         <name>memcpy_t2.asm.obj</name>
      </input_file>
      <input_file id="fl-c6">
         <path>C:\ti\ccs920\ccs\tools\compiler\ti-cgt-arm_18.12.3.LTS\lib\</path>
         <kind>archive</kind>
         <file>rtsv7M4_T_le_v4SPD16_eabi.lib</file>
         <name>autoinit.c.obj</name>
      </input_file>
      <input_file id="fl-c7">
         <path>C:\ti\ccs920\ccs\tools\compiler\ti-cgt-arm_18.12.3.LTS\lib\</path>
         <kind>archive</kind>
         <file>rtsv7M4_T_le_v4SPD16_eabi.lib</file>
         <name>pre_init.c.obj</name>
      </input_file>
      <input_file id="fl-c8">
         <path>C:\ti\ccs920\ccs\tools\compiler\ti-cgt-arm_18.12.3.LTS\lib\</path>
         <kind>archive</kind>
         <file>rtsv7M4_T_le_v4SPD16_eabi.lib</file>
         <name>cpy_tbl.c.obj</name>
      </input_file>
      <input_file id="fl-c9">
         <path>C:\ti\ccs920\ccs\tools\compiler\ti-cgt-arm_18.12.3.LTS\lib\</path>
         <kind>archive</kind>
         <file>rtsv7M4_T_le_v4SPD16_eabi.lib</file>
         <name>exit.c.obj</name>
      </input_file>
      <input_file id="fl-ca">
         <path>C:\ti\ccs920\ccs\tools\compiler\ti-cgt-arm_18.12.3.LTS\lib\</path>
         <kind>archive</kind>
         <file>rtsv7M4_T_le_v4SPD16_eabi.lib</file>
         <name>_lock.c.obj</name>
      </input_file>
      <input_file id="fl-cb">
         <path>C:\ti\ccs920\ccs\tools\compiler\ti-cgt-arm_18.12.3.LTS\lib\</path>
         <kind>archive</kind>
         <file>rtsv7M4_T_le_v4SPD16_eabi.lib</file>
         <name>args_main.c.obj</name>
      </input_file>
   </input_file_list>
   <object_component_list>
      <object_component id="oc-f">
         <name>.intvecs</name>
         <load_address>0x0</load_address>
         <run_address>0x0</run_address>
         <size>0x26c</size>
         <input_file_ref idref="fl-4"/>
      </object_component>
      <object_component id="oc-2a">
         <name>.text</name>
         <load_address>0x26c</load_address>
         <run_address>0x26c</run_address>
         <size>0x6d4</size>
         <input_file_ref idref="fl-3"/>
      </object_component>
      <object_component id="oc-77">
         <name>.text</name>
         <load_address>0x940</load_address>
         <run_address>0x940</run_address>
         <size>0xaa</size>
         <input_file_ref idref="fl-2"/>
      </object_component>
      <object_component id="oc-3e">
         <name>.text</name>
         <load_address>0x9ea</load_address>
         <run_address>0x9ea</run_address>
         <size>0x9c</size>
         <input_file_ref idref="fl-c5"/>
      </object_component>
      <object_component id="oc-ba">
         <name>.text</name>
         <load_address>0xa86</load_address>
         <run_address>0xa86</run_address>
         <size>0x7a</size>
         <input_file_ref idref="fl-c4"/>
      </object_component>
      <object_component id="oc-12">
         <name>.text:decompress:lzss:__TI_decompress_lzss</name>
         <load_address>0xb00</load_address>
         <run_address>0xb00</run_address>
         <size>0x68</size>
         <input_file_ref idref="fl-c1"/>
      </object_component>
      <object_component id="oc-fb">
         <name>.text:__TI_auto_init_nobinit_nopinit:__TI_auto_init_nobinit_nopinit</name>
         <load_address>0xb68</load_address>
         <run_address>0xb68</run_address>
         <size>0x44</size>
         <input_file_ref idref="fl-c6"/>
      </object_component>
      <object_component id="oc-5c">
         <name>.text:_c_int00_noargs:_c_int00_noargs</name>
         <load_address>0xbac</load_address>
         <run_address>0xbac</run_address>
         <size>0x34</size>
         <input_file_ref idref="fl-c3"/>
      </object_component>
      <object_component id="oc-7c">
         <name>.text</name>
         <load_address>0xbe0</load_address>
         <run_address>0xbe0</run_address>
         <size>0x24</size>
         <input_file_ref idref="fl-5"/>
      </object_component>
      <object_component id="oc-71">
         <name>.text:strcpy</name>
         <load_address>0xc04</load_address>
         <run_address>0xc04</run_address>
         <size>0x14</size>
         <input_file_ref idref="fl-c2"/>
      </object_component>
      <object_component id="oc-18">
         <name>.text:decompress:none:__TI_decompress_none</name>
         <load_address>0xc18</load_address>
         <run_address>0xc18</run_address>
         <size>0xe</size>
         <input_file_ref idref="fl-c0"/>
      </object_component>
      <object_component id="oc-50">
         <name>.text:decompress:ZI:__TI_zero_init</name>
         <load_address>0xc26</load_address>
         <run_address>0xc26</run_address>
         <size>0xc</size>
         <input_file_ref idref="fl-bf"/>
      </object_component>
      <object_component id="oc-24">
         <name>.text</name>
         <load_address>0xc32</load_address>
         <run_address>0xc32</run_address>
         <size>0xc</size>
         <input_file_ref idref="fl-4"/>
      </object_component>
      <object_component id="oc-c0">
         <name>.text:_system_pre_init</name>
         <load_address>0xc3e</load_address>
         <run_address>0xc3e</run_address>
         <size>0x4</size>
         <input_file_ref idref="fl-c7"/>
      </object_component>
      <object_component id="oc-ef">
         <name>.text:abort:abort</name>
         <load_address>0xc42</load_address>
         <run_address>0xc42</run_address>
         <size>0x4</size>
         <input_file_ref idref="fl-c9"/>
      </object_component>
      <object_component id="oc-1a6">
         <name>__TI_handler_table</name>
         <load_address>0xc48</load_address>
         <run_address>0xc48</run_address>
         <size>0xc</size>
      </object_component>
      <object_component id="oc-1a9">
         <name>.cinit..bss.load</name>
         <load_address>0xc58</load_address>
         <run_address>0xc58</run_address>
         <size>0x8</size>
      </object_component>
      <object_component id="oc-1a8">
         <name>.cinit..data.load</name>
         <load_address>0xc60</load_address>
         <run_address>0xc60</run_address>
         <size>0x8</size>
      </object_component>
      <object_component id="oc-1a7">
         <name>__TI_cinit_table</name>
         <load_address>0xc68</load_address>
         <run_address>0xc68</run_address>
         <size>0x10</size>
      </object_component>
      <object_component id="oc-82">
         <name>.data</name>
         <load_address>0x20006468</load_address>
         <run_address>0x20006468</run_address>
         <size>0x4</size>
         <input_file_ref idref="fl-3"/>
      </object_component>
      <object_component id="oc-89">
         <name>.common:semaphores</name>
         <uninitialized>true</uninitialized>
         <run_address>0x200061e0</run_address>
         <size>0x78</size>
      </object_component>
      <object_component id="oc-8d">
         <name>.common:keyPressed</name>
         <uninitialized>true</uninitialized>
         <run_address>0x2000625c</run_address>
         <size>0x4</size>
      </object_component>
      <object_component id="oc-8c">
         <name>.common:keyReleased</name>
         <uninitialized>true</uninitialized>
         <run_address>0x20006260</run_address>
         <size>0x4</size>
      </object_component>
      <object_component id="oc-8a">
         <name>.common:flashReq</name>
         <uninitialized>true</uninitialized>
         <run_address>0x20006258</run_address>
         <size>0x4</size>
      </object_component>
      <object_component id="oc-8b">
         <name>.common:resource</name>
         <uninitialized>true</uninitialized>
         <run_address>0x20006264</run_address>
         <size>0x4</size>
      </object_component>
      <object_component id="oc-88">
         <name>.common:stack</name>
         <uninitialized>true</uninitialized>
         <run_address>0x20000000</run_address>
         <size>0x5fd0</size>
      </object_component>
      <object_component id="oc-85">
         <name>.common:tcb</name>
         <uninitialized>true</uninitialized>
         <run_address>0x20005fd0</run_address>
         <size>0x210</size>
      </object_component>
      <object_component id="oc-21">
         <name>.stack</name>
         <uninitialized>true</uninitialized>
         <run_address>0x20006268</run_address>
         <size>0x4</size>
         <input_file_ref idref="fl-c3"/>
      </object_component>
      <object_component id="oc-1aa">
         <name>.stack</name>
         <uninitialized>true</uninitialized>
         <run_address>0x20006268</run_address>
         <size>0x0</size>
      </object_component>
      <object_component id="oc-78">
         <name>.debug_info</name>
         <load_address>0x0</load_address>
         <run_address>0x0</run_address>
         <size>0x10a</size>
         <input_file_ref idref="fl-2"/>
      </object_component>
      <object_component id="oc-86">
         <name>.debug_info</name>
         <load_address>0x10a</load_address>
         <run_address>0x10a</run_address>
         <size>0x4b1</size>
         <input_file_ref idref="fl-3"/>
      </object_component>
      <object_component id="oc-83">
         <name>.debug_info</name>
         <load_address>0x5bb</load_address>
         <run_address>0x5bb</run_address>
         <size>0x126</size>
         <input_file_ref idref="fl-3"/>
      </object_component>
      <object_component id="oc-2c">
         <name>.debug_info</name>
         <load_address>0x6e1</load_address>
         <run_address>0x6e1</run_address>
         <size>0xea5</size>
         <input_file_ref idref="fl-3"/>
      </object_component>
      <object_component id="oc-a0">
         <name>.debug_info</name>
         <load_address>0x1586</load_address>
         <run_address>0x1586</run_address>
         <size>0x26b</size>
         <input_file_ref idref="fl-3"/>
      </object_component>
      <object_component id="oc-94">
         <name>.debug_info</name>
         <load_address>0x17f1</load_address>
         <run_address>0x17f1</run_address>
         <size>0x8b</size>
         <input_file_ref idref="fl-3"/>
      </object_component>
      <object_component id="oc-99">
         <name>.debug_info</name>
         <load_address>0x187c</load_address>
         <run_address>0x187c</run_address>
         <size>0x138</size>
         <input_file_ref idref="fl-3"/>
      </object_component>
      <object_component id="oc-da">
         <name>.debug_info</name>
         <load_address>0x19b4</load_address>
         <run_address>0x19b4</run_address>
         <size>0x297</size>
         <input_file_ref idref="fl-3"/>
      </object_component>
      <object_component id="oc-8f">
         <name>.debug_info</name>
         <load_address>0x1c4b</load_address>
         <run_address>0x1c4b</run_address>
         <size>0xbb</size>
         <input_file_ref idref="fl-3"/>
      </object_component>
      <object_component id="oc-e6">
         <name>.debug_info</name>
         <load_address>0x1d06</load_address>
         <run_address>0x1d06</run_address>
         <size>0x2c</size>
         <input_file_ref idref="fl-3"/>
      </object_component>
      <object_component id="oc-32">
         <name>.debug_info</name>
         <load_address>0x1d32</load_address>
         <run_address>0x1d32</run_address>
         <size>0x2e1</size>
         <input_file_ref idref="fl-4"/>
      </object_component>
      <object_component id="oc-10">
         <name>.debug_info</name>
         <load_address>0x2013</load_address>
         <run_address>0x2013</run_address>
         <size>0xec</size>
         <input_file_ref idref="fl-4"/>
      </object_component>
      <object_component id="oc-27">
         <name>.debug_info</name>
         <load_address>0x20ff</load_address>
         <run_address>0x20ff</run_address>
         <size>0x268</size>
         <input_file_ref idref="fl-4"/>
      </object_component>
      <object_component id="oc-39">
         <name>.debug_info</name>
         <load_address>0x2367</load_address>
         <run_address>0x2367</run_address>
         <size>0x84</size>
         <input_file_ref idref="fl-4"/>
      </object_component>
      <object_component id="oc-7d">
         <name>.debug_info</name>
         <load_address>0x23eb</load_address>
         <run_address>0x23eb</run_address>
         <size>0x123</size>
         <input_file_ref idref="fl-5"/>
      </object_component>
      <object_component id="oc-b9">
         <name>.debug_info</name>
         <load_address>0x250e</load_address>
         <run_address>0x250e</run_address>
         <size>0x2d5</size>
         <input_file_ref idref="fl-bf"/>
      </object_component>
      <object_component id="oc-53">
         <name>.debug_info</name>
         <load_address>0x27e3</load_address>
         <run_address>0x27e3</run_address>
         <size>0x1b6</size>
         <input_file_ref idref="fl-bf"/>
      </object_component>
      <object_component id="oc-b4">
         <name>.debug_info</name>
         <load_address>0x2999</load_address>
         <run_address>0x2999</run_address>
         <size>0x46</size>
         <input_file_ref idref="fl-bf"/>
      </object_component>
      <object_component id="oc-49">
         <name>.debug_info</name>
         <load_address>0x29df</load_address>
         <run_address>0x29df</run_address>
         <size>0x2a9</size>
         <input_file_ref idref="fl-c0"/>
      </object_component>
      <object_component id="oc-1b">
         <name>.debug_info</name>
         <load_address>0x2c88</load_address>
         <run_address>0x2c88</run_address>
         <size>0x1eb</size>
         <input_file_ref idref="fl-c0"/>
      </object_component>
      <object_component id="oc-44">
         <name>.debug_info</name>
         <load_address>0x2e73</load_address>
         <run_address>0x2e73</run_address>
         <size>0x46</size>
         <input_file_ref idref="fl-c0"/>
      </object_component>
      <object_component id="oc-ac">
         <name>.debug_info</name>
         <load_address>0x2eb9</load_address>
         <run_address>0x2eb9</run_address>
         <size>0x2c</size>
         <input_file_ref idref="fl-c0"/>
      </object_component>
      <object_component id="oc-aa">
         <name>.debug_info</name>
         <load_address>0x2ee5</load_address>
         <run_address>0x2ee5</run_address>
         <size>0x29f</size>
         <input_file_ref idref="fl-c1"/>
      </object_component>
      <object_component id="oc-14">
         <name>.debug_info</name>
         <load_address>0x3184</load_address>
         <run_address>0x3184</run_address>
         <size>0x251</size>
         <input_file_ref idref="fl-c1"/>
      </object_component>
      <object_component id="oc-34">
         <name>.debug_info</name>
         <load_address>0x33d5</load_address>
         <run_address>0x33d5</run_address>
         <size>0x60</size>
         <input_file_ref idref="fl-c1"/>
      </object_component>
      <object_component id="oc-df">
         <name>.debug_info</name>
         <load_address>0x3435</load_address>
         <run_address>0x3435</run_address>
         <size>0x46</size>
         <input_file_ref idref="fl-c1"/>
      </object_component>
      <object_component id="oc-a5">
         <name>.debug_info</name>
         <load_address>0x347b</load_address>
         <run_address>0x347b</run_address>
         <size>0x39</size>
         <input_file_ref idref="fl-c1"/>
      </object_component>
      <object_component id="oc-d3">
         <name>.debug_info</name>
         <load_address>0x34b4</load_address>
         <run_address>0x34b4</run_address>
         <size>0x2a5</size>
         <input_file_ref idref="fl-c2"/>
      </object_component>
      <object_component id="oc-72">
         <name>.debug_info</name>
         <load_address>0x3759</load_address>
         <run_address>0x3759</run_address>
         <size>0x24d</size>
         <input_file_ref idref="fl-c2"/>
      </object_component>
      <object_component id="oc-22">
         <name>.debug_info</name>
         <load_address>0x39a6</load_address>
         <run_address>0x39a6</run_address>
         <size>0x10c</size>
         <input_file_ref idref="fl-c3"/>
      </object_component>
      <object_component id="oc-5d">
         <name>.debug_info</name>
         <load_address>0x3ab2</load_address>
         <run_address>0x3ab2</run_address>
         <size>0x1aa</size>
         <input_file_ref idref="fl-c3"/>
      </object_component>
      <object_component id="oc-bc">
         <name>.debug_info</name>
         <load_address>0x3c5c</load_address>
         <run_address>0x3c5c</run_address>
         <size>0x148</size>
         <input_file_ref idref="fl-c4"/>
      </object_component>
      <object_component id="oc-41">
         <name>.debug_info</name>
         <load_address>0x3da4</load_address>
         <run_address>0x3da4</run_address>
         <size>0x11a</size>
         <input_file_ref idref="fl-c5"/>
      </object_component>
      <object_component id="oc-13a">
         <name>.debug_info</name>
         <load_address>0x3ebe</load_address>
         <run_address>0x3ebe</run_address>
         <size>0x4b4</size>
         <input_file_ref idref="fl-c6"/>
      </object_component>
      <object_component id="oc-fc">
         <name>.debug_info</name>
         <load_address>0x4372</load_address>
         <run_address>0x4372</run_address>
         <size>0x1a7</size>
         <input_file_ref idref="fl-c6"/>
      </object_component>
      <object_component id="oc-15f">
         <name>.debug_info</name>
         <load_address>0x4519</load_address>
         <run_address>0x4519</run_address>
         <size>0x39</size>
         <input_file_ref idref="fl-c6"/>
      </object_component>
      <object_component id="oc-173">
         <name>.debug_info</name>
         <load_address>0x4552</load_address>
         <run_address>0x4552</run_address>
         <size>0x39</size>
         <input_file_ref idref="fl-c6"/>
      </object_component>
      <object_component id="oc-164">
         <name>.debug_info</name>
         <load_address>0x458b</load_address>
         <run_address>0x458b</run_address>
         <size>0x39</size>
         <input_file_ref idref="fl-c6"/>
      </object_component>
      <object_component id="oc-169">
         <name>.debug_info</name>
         <load_address>0x45c4</load_address>
         <run_address>0x45c4</run_address>
         <size>0xcd</size>
         <input_file_ref idref="fl-c6"/>
      </object_component>
      <object_component id="oc-c2">
         <name>.debug_info</name>
         <load_address>0x4691</load_address>
         <run_address>0x4691</run_address>
         <size>0x154</size>
         <input_file_ref idref="fl-c7"/>
      </object_component>
      <object_component id="oc-f2">
         <name>.debug_info</name>
         <load_address>0x47e5</load_address>
         <run_address>0x47e5</run_address>
         <size>0x123</size>
         <input_file_ref idref="fl-c9"/>
      </object_component>
      <object_component id="oc-1ab">
         <name>.debug_info</name>
         <load_address>0x4908</load_address>
         <run_address>0x4908</run_address>
         <size>0x9f</size>
      </object_component>
      <object_component id="oc-7b">
         <name>.debug_line</name>
         <load_address>0x0</load_address>
         <run_address>0x0</run_address>
         <size>0x69</size>
         <input_file_ref idref="fl-2"/>
      </object_component>
      <object_component id="oc-d9">
         <name>.debug_line</name>
         <load_address>0x69</load_address>
         <run_address>0x69</run_address>
         <size>0x85</size>
         <input_file_ref idref="fl-3"/>
      </object_component>
      <object_component id="oc-d7">
         <name>.debug_line</name>
         <load_address>0xee</load_address>
         <run_address>0xee</run_address>
         <size>0x2d</size>
         <input_file_ref idref="fl-3"/>
      </object_component>
      <object_component id="oc-2b">
         <name>.debug_line</name>
         <load_address>0x11b</load_address>
         <run_address>0x11b</run_address>
         <size>0x470</size>
         <input_file_ref idref="fl-3"/>
      </object_component>
      <object_component id="oc-a3">
         <name>.debug_line</name>
         <load_address>0x58b</load_address>
         <run_address>0x58b</run_address>
         <size>0x6f</size>
         <input_file_ref idref="fl-3"/>
      </object_component>
      <object_component id="oc-97">
         <name>.debug_line</name>
         <load_address>0x5fa</load_address>
         <run_address>0x5fa</run_address>
         <size>0x20</size>
         <input_file_ref idref="fl-3"/>
      </object_component>
      <object_component id="oc-9c">
         <name>.debug_line</name>
         <load_address>0x61a</load_address>
         <run_address>0x61a</run_address>
         <size>0x2d</size>
         <input_file_ref idref="fl-3"/>
      </object_component>
      <object_component id="oc-dd">
         <name>.debug_line</name>
         <load_address>0x647</load_address>
         <run_address>0x647</run_address>
         <size>0x73</size>
         <input_file_ref idref="fl-3"/>
      </object_component>
      <object_component id="oc-92">
         <name>.debug_line</name>
         <load_address>0x6ba</load_address>
         <run_address>0x6ba</run_address>
         <size>0x70</size>
         <input_file_ref idref="fl-3"/>
      </object_component>
      <object_component id="oc-e9">
         <name>.debug_line</name>
         <load_address>0x72a</load_address>
         <run_address>0x72a</run_address>
         <size>0x6b</size>
         <input_file_ref idref="fl-3"/>
      </object_component>
      <object_component id="oc-9f">
         <name>.debug_line</name>
         <load_address>0x795</load_address>
         <run_address>0x795</run_address>
         <size>0x41</size>
         <input_file_ref idref="fl-4"/>
      </object_component>
      <object_component id="oc-31">
         <name>.debug_line</name>
         <load_address>0x7d6</load_address>
         <run_address>0x7d6</run_address>
         <size>0x41</size>
         <input_file_ref idref="fl-4"/>
      </object_component>
      <object_component id="oc-25">
         <name>.debug_line</name>
         <load_address>0x817</load_address>
         <run_address>0x817</run_address>
         <size>0xa1</size>
         <input_file_ref idref="fl-4"/>
      </object_component>
      <object_component id="oc-3c">
         <name>.debug_line</name>
         <load_address>0x8b8</load_address>
         <run_address>0x8b8</run_address>
         <size>0x20</size>
         <input_file_ref idref="fl-4"/>
      </object_component>
      <object_component id="oc-80">
         <name>.debug_line</name>
         <load_address>0x8d8</load_address>
         <run_address>0x8d8</run_address>
         <size>0x52</size>
         <input_file_ref idref="fl-5"/>
      </object_component>
      <object_component id="oc-ec">
         <name>.debug_line</name>
         <load_address>0x92a</load_address>
         <run_address>0x92a</run_address>
         <size>0x92</size>
         <input_file_ref idref="fl-bf"/>
      </object_component>
      <object_component id="oc-52">
         <name>.debug_line</name>
         <load_address>0x9bc</load_address>
         <run_address>0x9bc</run_address>
         <size>0x4f</size>
         <input_file_ref idref="fl-bf"/>
      </object_component>
      <object_component id="oc-b7">
         <name>.debug_line</name>
         <load_address>0xa0b</load_address>
         <run_address>0xa0b</run_address>
         <size>0x34</size>
         <input_file_ref idref="fl-bf"/>
      </object_component>
      <object_component id="oc-b2">
         <name>.debug_line</name>
         <load_address>0xa3f</load_address>
         <run_address>0xa3f</run_address>
         <size>0x20</size>
         <input_file_ref idref="fl-c0"/>
      </object_component>
      <object_component id="oc-1a">
         <name>.debug_line</name>
         <load_address>0xa5f</load_address>
         <run_address>0xa5f</run_address>
         <size>0x55</size>
         <input_file_ref idref="fl-c0"/>
      </object_component>
      <object_component id="oc-47">
         <name>.debug_line</name>
         <load_address>0xab4</load_address>
         <run_address>0xab4</run_address>
         <size>0x3a</size>
         <input_file_ref idref="fl-c0"/>
      </object_component>
      <object_component id="oc-af">
         <name>.debug_line</name>
         <load_address>0xaee</load_address>
         <run_address>0xaee</run_address>
         <size>0x92</size>
         <input_file_ref idref="fl-c0"/>
      </object_component>
      <object_component id="oc-e5">
         <name>.debug_line</name>
         <load_address>0xb80</load_address>
         <run_address>0xb80</run_address>
         <size>0x20</size>
         <input_file_ref idref="fl-c1"/>
      </object_component>
      <object_component id="oc-17">
         <name>.debug_line</name>
         <load_address>0xba0</load_address>
         <run_address>0xba0</run_address>
         <size>0xa9</size>
         <input_file_ref idref="fl-c1"/>
      </object_component>
      <object_component id="oc-37">
         <name>.debug_line</name>
         <load_address>0xc49</load_address>
         <run_address>0xc49</run_address>
         <size>0x3a</size>
         <input_file_ref idref="fl-c1"/>
      </object_component>
      <object_component id="oc-e2">
         <name>.debug_line</name>
         <load_address>0xc83</load_address>
         <run_address>0xc83</run_address>
         <size>0x9a</size>
         <input_file_ref idref="fl-c1"/>
      </object_component>
      <object_component id="oc-a8">
         <name>.debug_line</name>
         <load_address>0xd1d</load_address>
         <run_address>0xd1d</run_address>
         <size>0x96</size>
         <input_file_ref idref="fl-c1"/>
      </object_component>
      <object_component id="oc-12e">
         <name>.debug_line</name>
         <load_address>0xdb3</load_address>
         <run_address>0xdb3</run_address>
         <size>0x20</size>
         <input_file_ref idref="fl-c2"/>
      </object_component>
      <object_component id="oc-76">
         <name>.debug_line</name>
         <load_address>0xdd3</load_address>
         <run_address>0xdd3</run_address>
         <size>0xa8</size>
         <input_file_ref idref="fl-c2"/>
      </object_component>
      <object_component id="oc-6f">
         <name>.debug_line</name>
         <load_address>0xe7b</load_address>
         <run_address>0xe7b</run_address>
         <size>0x33</size>
         <input_file_ref idref="fl-c3"/>
      </object_component>
      <object_component id="oc-60">
         <name>.debug_line</name>
         <load_address>0xeae</load_address>
         <run_address>0xeae</run_address>
         <size>0x45</size>
         <input_file_ref idref="fl-c3"/>
      </object_component>
      <object_component id="oc-bb">
         <name>.debug_line</name>
         <load_address>0xef3</load_address>
         <run_address>0xef3</run_address>
         <size>0x79</size>
         <input_file_ref idref="fl-c4"/>
      </object_component>
      <object_component id="oc-3f">
         <name>.debug_line</name>
         <load_address>0xf6c</load_address>
         <run_address>0xf6c</run_address>
         <size>0x88</size>
         <input_file_ref idref="fl-c5"/>
      </object_component>
      <object_component id="oc-15e">
         <name>.debug_line</name>
         <load_address>0xff4</load_address>
         <run_address>0xff4</run_address>
         <size>0xbf</size>
         <input_file_ref idref="fl-c6"/>
      </object_component>
      <object_component id="oc-ff">
         <name>.debug_line</name>
         <load_address>0x10b3</load_address>
         <run_address>0x10b3</run_address>
         <size>0x6f</size>
         <input_file_ref idref="fl-c6"/>
      </object_component>
      <object_component id="oc-162">
         <name>.debug_line</name>
         <load_address>0x1122</load_address>
         <run_address>0x1122</run_address>
         <size>0x2e</size>
         <input_file_ref idref="fl-c6"/>
      </object_component>
      <object_component id="oc-176">
         <name>.debug_line</name>
         <load_address>0x1150</load_address>
         <run_address>0x1150</run_address>
         <size>0x9a</size>
         <input_file_ref idref="fl-c6"/>
      </object_component>
      <object_component id="oc-167">
         <name>.debug_line</name>
         <load_address>0x11ea</load_address>
         <run_address>0x11ea</run_address>
         <size>0x97</size>
         <input_file_ref idref="fl-c6"/>
      </object_component>
      <object_component id="oc-16c">
         <name>.debug_line</name>
         <load_address>0x1281</load_address>
         <run_address>0x1281</run_address>
         <size>0x93</size>
         <input_file_ref idref="fl-c6"/>
      </object_component>
      <object_component id="oc-c1">
         <name>.debug_line</name>
         <load_address>0x1314</load_address>
         <run_address>0x1314</run_address>
         <size>0x40</size>
         <input_file_ref idref="fl-c7"/>
      </object_component>
      <object_component id="oc-f4">
         <name>.debug_line</name>
         <load_address>0x1354</load_address>
         <run_address>0x1354</run_address>
         <size>0x3c</size>
         <input_file_ref idref="fl-c9"/>
      </object_component>
      <object_component id="oc-d4">
         <name>.debug_abbrev</name>
         <load_address>0x0</load_address>
         <run_address>0x0</run_address>
         <size>0x35</size>
         <input_file_ref idref="fl-2"/>
      </object_component>
      <object_component id="oc-d8">
         <name>.debug_abbrev</name>
         <load_address>0x35</load_address>
         <run_address>0x35</run_address>
         <size>0xe9</size>
         <input_file_ref idref="fl-3"/>
      </object_component>
      <object_component id="oc-d6">
         <name>.debug_abbrev</name>
         <load_address>0x11e</load_address>
         <run_address>0x11e</run_address>
         <size>0x29</size>
         <input_file_ref idref="fl-3"/>
      </object_component>
      <object_component id="oc-8e">
         <name>.debug_abbrev</name>
         <load_address>0x147</load_address>
         <run_address>0x147</run_address>
         <size>0x14a</size>
         <input_file_ref idref="fl-3"/>
      </object_component>
      <object_component id="oc-a2">
         <name>.debug_abbrev</name>
         <load_address>0x291</load_address>
         <run_address>0x291</run_address>
         <size>0x69</size>
         <input_file_ref idref="fl-3"/>
      </object_component>
      <object_component id="oc-96">
         <name>.debug_abbrev</name>
         <load_address>0x2fa</load_address>
         <run_address>0x2fa</run_address>
         <size>0x1f</size>
         <input_file_ref idref="fl-3"/>
      </object_component>
      <object_component id="oc-9b">
         <name>.debug_abbrev</name>
         <load_address>0x319</load_address>
         <run_address>0x319</run_address>
         <size>0x4b</size>
         <input_file_ref idref="fl-3"/>
      </object_component>
      <object_component id="oc-dc">
         <name>.debug_abbrev</name>
         <load_address>0x364</load_address>
         <run_address>0x364</run_address>
         <size>0x5c</size>
         <input_file_ref idref="fl-3"/>
      </object_component>
      <object_component id="oc-91">
         <name>.debug_abbrev</name>
         <load_address>0x3c0</load_address>
         <run_address>0x3c0</run_address>
         <size>0x24</size>
         <input_file_ref idref="fl-3"/>
      </object_component>
      <object_component id="oc-e8">
         <name>.debug_abbrev</name>
         <load_address>0x3e4</load_address>
         <run_address>0x3e4</run_address>
         <size>0x24</size>
         <input_file_ref idref="fl-3"/>
      </object_component>
      <object_component id="oc-9e">
         <name>.debug_abbrev</name>
         <load_address>0x408</load_address>
         <run_address>0x408</run_address>
         <size>0x7c</size>
         <input_file_ref idref="fl-4"/>
      </object_component>
      <object_component id="oc-30">
         <name>.debug_abbrev</name>
         <load_address>0x484</load_address>
         <run_address>0x484</run_address>
         <size>0x29</size>
         <input_file_ref idref="fl-4"/>
      </object_component>
      <object_component id="oc-70">
         <name>.debug_abbrev</name>
         <load_address>0x4ad</load_address>
         <run_address>0x4ad</run_address>
         <size>0x79</size>
         <input_file_ref idref="fl-4"/>
      </object_component>
      <object_component id="oc-3b">
         <name>.debug_abbrev</name>
         <load_address>0x526</load_address>
         <run_address>0x526</run_address>
         <size>0x1f</size>
         <input_file_ref idref="fl-4"/>
      </object_component>
      <object_component id="oc-d5">
         <name>.debug_abbrev</name>
         <load_address>0x545</load_address>
         <run_address>0x545</run_address>
         <size>0x6c</size>
         <input_file_ref idref="fl-5"/>
      </object_component>
      <object_component id="oc-eb">
         <name>.debug_abbrev</name>
         <load_address>0x5b1</load_address>
         <run_address>0x5b1</run_address>
         <size>0x5d</size>
         <input_file_ref idref="fl-bf"/>
      </object_component>
      <object_component id="oc-bf">
         <name>.debug_abbrev</name>
         <load_address>0x60e</load_address>
         <run_address>0x60e</run_address>
         <size>0x74</size>
         <input_file_ref idref="fl-bf"/>
      </object_component>
      <object_component id="oc-b6">
         <name>.debug_abbrev</name>
         <load_address>0x682</load_address>
         <run_address>0x682</run_address>
         <size>0x24</size>
         <input_file_ref idref="fl-bf"/>
      </object_component>
      <object_component id="oc-b1">
         <name>.debug_abbrev</name>
         <load_address>0x6a6</load_address>
         <run_address>0x6a6</run_address>
         <size>0x37</size>
         <input_file_ref idref="fl-c0"/>
      </object_component>
      <object_component id="oc-43">
         <name>.debug_abbrev</name>
         <load_address>0x6dd</load_address>
         <run_address>0x6dd</run_address>
         <size>0x74</size>
         <input_file_ref idref="fl-c0"/>
      </object_component>
      <object_component id="oc-46">
         <name>.debug_abbrev</name>
         <load_address>0x751</load_address>
         <run_address>0x751</run_address>
         <size>0x24</size>
         <input_file_ref idref="fl-c0"/>
      </object_component>
      <object_component id="oc-ae">
         <name>.debug_abbrev</name>
         <load_address>0x775</load_address>
         <run_address>0x775</run_address>
         <size>0x24</size>
         <input_file_ref idref="fl-c0"/>
      </object_component>
      <object_component id="oc-e4">
         <name>.debug_abbrev</name>
         <load_address>0x799</load_address>
         <run_address>0x799</run_address>
         <size>0x37</size>
         <input_file_ref idref="fl-c1"/>
      </object_component>
      <object_component id="oc-33">
         <name>.debug_abbrev</name>
         <load_address>0x7d0</load_address>
         <run_address>0x7d0</run_address>
         <size>0x6f</size>
         <input_file_ref idref="fl-c1"/>
      </object_component>
      <object_component id="oc-36">
         <name>.debug_abbrev</name>
         <load_address>0x83f</load_address>
         <run_address>0x83f</run_address>
         <size>0x24</size>
         <input_file_ref idref="fl-c1"/>
      </object_component>
      <object_component id="oc-e1">
         <name>.debug_abbrev</name>
         <load_address>0x863</load_address>
         <run_address>0x863</run_address>
         <size>0x35</size>
         <input_file_ref idref="fl-c1"/>
      </object_component>
      <object_component id="oc-a7">
         <name>.debug_abbrev</name>
         <load_address>0x898</load_address>
         <run_address>0x898</run_address>
         <size>0x24</size>
         <input_file_ref idref="fl-c1"/>
      </object_component>
      <object_component id="oc-12d">
         <name>.debug_abbrev</name>
         <load_address>0x8bc</load_address>
         <run_address>0x8bc</run_address>
         <size>0x45</size>
         <input_file_ref idref="fl-c2"/>
      </object_component>
      <object_component id="oc-d2">
         <name>.debug_abbrev</name>
         <load_address>0x901</load_address>
         <run_address>0x901</run_address>
         <size>0x71</size>
         <input_file_ref idref="fl-c2"/>
      </object_component>
      <object_component id="oc-6e">
         <name>.debug_abbrev</name>
         <load_address>0x972</load_address>
         <run_address>0x972</run_address>
         <size>0x29</size>
         <input_file_ref idref="fl-c3"/>
      </object_component>
      <object_component id="oc-c9">
         <name>.debug_abbrev</name>
         <load_address>0x99b</load_address>
         <run_address>0x99b</run_address>
         <size>0x55</size>
         <input_file_ref idref="fl-c3"/>
      </object_component>
      <object_component id="oc-ed">
         <name>.debug_abbrev</name>
         <load_address>0x9f0</load_address>
         <run_address>0x9f0</run_address>
         <size>0x4f</size>
         <input_file_ref idref="fl-c4"/>
      </object_component>
      <object_component id="oc-ab">
         <name>.debug_abbrev</name>
         <load_address>0xa3f</load_address>
         <run_address>0xa3f</run_address>
         <size>0x3e</size>
         <input_file_ref idref="fl-c5"/>
      </object_component>
      <object_component id="oc-15d">
         <name>.debug_abbrev</name>
         <load_address>0xa7d</load_address>
         <run_address>0xa7d</run_address>
         <size>0xc0</size>
         <input_file_ref idref="fl-c6"/>
      </object_component>
      <object_component id="oc-139">
         <name>.debug_abbrev</name>
         <load_address>0xb3d</load_address>
         <run_address>0xb3d</run_address>
         <size>0x7e</size>
         <input_file_ref idref="fl-c6"/>
      </object_component>
      <object_component id="oc-161">
         <name>.debug_abbrev</name>
         <load_address>0xbbb</load_address>
         <run_address>0xbbb</run_address>
         <size>0x24</size>
         <input_file_ref idref="fl-c6"/>
      </object_component>
      <object_component id="oc-175">
         <name>.debug_abbrev</name>
         <load_address>0xbdf</load_address>
         <run_address>0xbdf</run_address>
         <size>0x24</size>
         <input_file_ref idref="fl-c6"/>
      </object_component>
      <object_component id="oc-166">
         <name>.debug_abbrev</name>
         <load_address>0xc03</load_address>
         <run_address>0xc03</run_address>
         <size>0x24</size>
         <input_file_ref idref="fl-c6"/>
      </object_component>
      <object_component id="oc-16b">
         <name>.debug_abbrev</name>
         <load_address>0xc27</load_address>
         <run_address>0xc27</run_address>
         <size>0x4b</size>
         <input_file_ref idref="fl-c6"/>
      </object_component>
      <object_component id="oc-ee">
         <name>.debug_abbrev</name>
         <load_address>0xc72</load_address>
         <run_address>0xc72</run_address>
         <size>0x55</size>
         <input_file_ref idref="fl-c7"/>
      </object_component>
      <object_component id="oc-12f">
         <name>.debug_abbrev</name>
         <load_address>0xcc7</load_address>
         <run_address>0xcc7</run_address>
         <size>0x45</size>
         <input_file_ref idref="fl-c9"/>
      </object_component>
      <object_component id="oc-1ac">
         <name>.debug_abbrev</name>
         <load_address>0xd0c</load_address>
         <run_address>0xd0c</run_address>
         <size>0xf</size>
      </object_component>
      <object_component id="oc-79">
         <name>.debug_aranges</name>
         <load_address>0x0</load_address>
         <run_address>0x0</run_address>
         <size>0x20</size>
         <input_file_ref idref="fl-2"/>
      </object_component>
      <object_component id="oc-2d">
         <name>.debug_aranges</name>
         <load_address>0x20</load_address>
         <run_address>0x20</run_address>
         <size>0x100</size>
         <input_file_ref idref="fl-3"/>
      </object_component>
      <object_component id="oc-29">
         <name>.debug_aranges</name>
         <load_address>0x120</load_address>
         <run_address>0x120</run_address>
         <size>0x38</size>
         <input_file_ref idref="fl-4"/>
      </object_component>
      <object_component id="oc-7f">
         <name>.debug_aranges</name>
         <load_address>0x158</load_address>
         <run_address>0x158</run_address>
         <size>0x20</size>
         <input_file_ref idref="fl-5"/>
      </object_component>
      <object_component id="oc-51">
         <name>.debug_aranges</name>
         <load_address>0x178</load_address>
         <run_address>0x178</run_address>
         <size>0x20</size>
         <input_file_ref idref="fl-bf"/>
      </object_component>
      <object_component id="oc-1d">
         <name>.debug_aranges</name>
         <load_address>0x198</load_address>
         <run_address>0x198</run_address>
         <size>0x20</size>
         <input_file_ref idref="fl-c0"/>
      </object_component>
      <object_component id="oc-13">
         <name>.debug_aranges</name>
         <load_address>0x1b8</load_address>
         <run_address>0x1b8</run_address>
         <size>0x20</size>
         <input_file_ref idref="fl-c1"/>
      </object_component>
      <object_component id="oc-74">
         <name>.debug_aranges</name>
         <load_address>0x1d8</load_address>
         <run_address>0x1d8</run_address>
         <size>0x20</size>
         <input_file_ref idref="fl-c2"/>
      </object_component>
      <object_component id="oc-5f">
         <name>.debug_aranges</name>
         <load_address>0x1f8</load_address>
         <run_address>0x1f8</run_address>
         <size>0x20</size>
         <input_file_ref idref="fl-c3"/>
      </object_component>
      <object_component id="oc-be">
         <name>.debug_aranges</name>
         <load_address>0x218</load_address>
         <run_address>0x218</run_address>
         <size>0x28</size>
         <input_file_ref idref="fl-c4"/>
      </object_component>
      <object_component id="oc-40">
         <name>.debug_aranges</name>
         <load_address>0x240</load_address>
         <run_address>0x240</run_address>
         <size>0x20</size>
         <input_file_ref idref="fl-c5"/>
      </object_component>
      <object_component id="oc-fd">
         <name>.debug_aranges</name>
         <load_address>0x260</load_address>
         <run_address>0x260</run_address>
         <size>0x20</size>
         <input_file_ref idref="fl-c6"/>
      </object_component>
      <object_component id="oc-c3">
         <name>.debug_aranges</name>
         <load_address>0x280</load_address>
         <run_address>0x280</run_address>
         <size>0x20</size>
         <input_file_ref idref="fl-c7"/>
      </object_component>
      <object_component id="oc-f1">
         <name>.debug_aranges</name>
         <load_address>0x2a0</load_address>
         <run_address>0x2a0</run_address>
         <size>0x20</size>
         <input_file_ref idref="fl-c9"/>
      </object_component>
      <object_component id="oc-7a">
         <name>.debug_pubnames</name>
         <load_address>0x0</load_address>
         <run_address>0x0</run_address>
         <size>0x28</size>
         <input_file_ref idref="fl-2"/>
      </object_component>
      <object_component id="oc-87">
         <name>.debug_pubnames</name>
         <load_address>0x28</load_address>
         <run_address>0x28</run_address>
         <size>0x6c</size>
         <input_file_ref idref="fl-3"/>
      </object_component>
      <object_component id="oc-84">
         <name>.debug_pubnames</name>
         <load_address>0x94</load_address>
         <run_address>0x94</run_address>
         <size>0x43</size>
         <input_file_ref idref="fl-3"/>
      </object_component>
      <object_component id="oc-2e">
         <name>.debug_pubnames</name>
         <load_address>0xd7</load_address>
         <run_address>0xd7</run_address>
         <size>0x1a1</size>
         <input_file_ref idref="fl-3"/>
      </object_component>
      <object_component id="oc-11">
         <name>.debug_pubnames</name>
         <load_address>0x278</load_address>
         <run_address>0x278</run_address>
         <size>0x23</size>
         <input_file_ref idref="fl-4"/>
      </object_component>
      <object_component id="oc-28">
         <name>.debug_pubnames</name>
         <load_address>0x29b</load_address>
         <run_address>0x29b</run_address>
         <size>0x4c</size>
         <input_file_ref idref="fl-4"/>
      </object_component>
      <object_component id="oc-7e">
         <name>.debug_pubnames</name>
         <load_address>0x2e7</load_address>
         <run_address>0x2e7</run_address>
         <size>0x26</size>
         <input_file_ref idref="fl-5"/>
      </object_component>
      <object_component id="oc-54">
         <name>.debug_pubnames</name>
         <load_address>0x30d</load_address>
         <run_address>0x30d</run_address>
         <size>0x25</size>
         <input_file_ref idref="fl-bf"/>
      </object_component>
      <object_component id="oc-1c">
         <name>.debug_pubnames</name>
         <load_address>0x332</load_address>
         <run_address>0x332</run_address>
         <size>0x2b</size>
         <input_file_ref idref="fl-c0"/>
      </object_component>
      <object_component id="oc-15">
         <name>.debug_pubnames</name>
         <load_address>0x35d</load_address>
         <run_address>0x35d</run_address>
         <size>0x2b</size>
         <input_file_ref idref="fl-c1"/>
      </object_component>
      <object_component id="oc-73">
         <name>.debug_pubnames</name>
         <load_address>0x388</load_address>
         <run_address>0x388</run_address>
         <size>0x1d</size>
         <input_file_ref idref="fl-c2"/>
      </object_component>
      <object_component id="oc-23">
         <name>.debug_pubnames</name>
         <load_address>0x3a5</load_address>
         <run_address>0x3a5</run_address>
         <size>0x1e</size>
         <input_file_ref idref="fl-c3"/>
      </object_component>
      <object_component id="oc-5e">
         <name>.debug_pubnames</name>
         <load_address>0x3c3</load_address>
         <run_address>0x3c3</run_address>
         <size>0x26</size>
         <input_file_ref idref="fl-c3"/>
      </object_component>
      <object_component id="oc-bd">
         <name>.debug_pubnames</name>
         <load_address>0x3e9</load_address>
         <run_address>0x3e9</run_address>
         <size>0x37</size>
         <input_file_ref idref="fl-c4"/>
      </object_component>
      <object_component id="oc-42">
         <name>.debug_pubnames</name>
         <load_address>0x420</load_address>
         <run_address>0x420</run_address>
         <size>0x1d</size>
         <input_file_ref idref="fl-c5"/>
      </object_component>
      <object_component id="oc-fe">
         <name>.debug_pubnames</name>
         <load_address>0x43d</load_address>
         <run_address>0x43d</run_address>
         <size>0x35</size>
         <input_file_ref idref="fl-c6"/>
      </object_component>
      <object_component id="oc-c4">
         <name>.debug_pubnames</name>
         <load_address>0x472</load_address>
         <run_address>0x472</run_address>
         <size>0x27</size>
         <input_file_ref idref="fl-c7"/>
      </object_component>
      <object_component id="oc-f3">
         <name>.debug_pubnames</name>
         <load_address>0x499</load_address>
         <run_address>0x499</run_address>
         <size>0x1c</size>
         <input_file_ref idref="fl-c9"/>
      </object_component>
      <object_component id="oc-2f">
         <name>.debug_frame</name>
         <load_address>0x0</load_address>
         <run_address>0x0</run_address>
         <size>0x308</size>
         <input_file_ref idref="fl-3"/>
      </object_component>
      <object_component id="oc-26">
         <name>.debug_frame</name>
         <load_address>0x308</load_address>
         <run_address>0x308</run_address>
         <size>0x90</size>
         <input_file_ref idref="fl-4"/>
      </object_component>
      <object_component id="oc-81">
         <name>.debug_frame</name>
         <load_address>0x398</load_address>
         <run_address>0x398</run_address>
         <size>0x58</size>
         <input_file_ref idref="fl-5"/>
      </object_component>
      <object_component id="oc-55">
         <name>.debug_frame</name>
         <load_address>0x3f0</load_address>
         <run_address>0x3f0</run_address>
         <size>0x54</size>
         <input_file_ref idref="fl-bf"/>
      </object_component>
      <object_component id="oc-19">
         <name>.debug_frame</name>
         <load_address>0x444</load_address>
         <run_address>0x444</run_address>
         <size>0x54</size>
         <input_file_ref idref="fl-c0"/>
      </object_component>
      <object_component id="oc-16">
         <name>.debug_frame</name>
         <load_address>0x498</load_address>
         <run_address>0x498</run_address>
         <size>0x60</size>
         <input_file_ref idref="fl-c1"/>
      </object_component>
      <object_component id="oc-75">
         <name>.debug_frame</name>
         <load_address>0x4f8</load_address>
         <run_address>0x4f8</run_address>
         <size>0x54</size>
         <input_file_ref idref="fl-c2"/>
      </object_component>
      <object_component id="oc-61">
         <name>.debug_frame</name>
         <load_address>0x54c</load_address>
         <run_address>0x54c</run_address>
         <size>0x50</size>
         <input_file_ref idref="fl-c3"/>
      </object_component>
      <object_component id="oc-100">
         <name>.debug_frame</name>
         <load_address>0x59c</load_address>
         <run_address>0x59c</run_address>
         <size>0x5c</size>
         <input_file_ref idref="fl-c6"/>
      </object_component>
      <object_component id="oc-c5">
         <name>.debug_frame</name>
         <load_address>0x5f8</load_address>
         <run_address>0x5f8</run_address>
         <size>0x54</size>
         <input_file_ref idref="fl-c7"/>
      </object_component>
      <object_component id="oc-f0">
         <name>.debug_frame</name>
         <load_address>0x64c</load_address>
         <run_address>0x64c</run_address>
         <size>0x54</size>
         <input_file_ref idref="fl-c9"/>
      </object_component>
      <object_component id="oc-a4">
         <name>.debug_str</name>
         <load_address>0x0</load_address>
         <run_address>0x0</run_address>
         <size>0x2b0</size>
         <input_file_ref idref="fl-3"/>
      </object_component>
      <object_component id="oc-98">
         <name>.debug_str</name>
         <load_address>0x2b0</load_address>
         <run_address>0x2b0</run_address>
         <size>0xfe</size>
         <input_file_ref idref="fl-3"/>
      </object_component>
      <object_component id="oc-9d">
         <name>.debug_str</name>
         <load_address>0x3ae</load_address>
         <run_address>0x3ae</run_address>
         <size>0x105</size>
         <input_file_ref idref="fl-3"/>
      </object_component>
      <object_component id="oc-de">
         <name>.debug_str</name>
         <load_address>0x4b3</load_address>
         <run_address>0x4b3</run_address>
         <size>0x33f</size>
         <input_file_ref idref="fl-3"/>
      </object_component>
      <object_component id="oc-93">
         <name>.debug_str</name>
         <load_address>0x7f2</load_address>
         <run_address>0x7f2</run_address>
         <size>0x148</size>
         <input_file_ref idref="fl-3"/>
      </object_component>
      <object_component id="oc-ea">
         <name>.debug_str</name>
         <load_address>0x93a</load_address>
         <run_address>0x93a</run_address>
         <size>0xe2</size>
         <input_file_ref idref="fl-3"/>
      </object_component>
      <object_component id="oc-3d">
         <name>.debug_str</name>
         <load_address>0xa1c</load_address>
         <run_address>0xa1c</run_address>
         <size>0xfe</size>
         <input_file_ref idref="fl-4"/>
      </object_component>
      <object_component id="oc-b8">
         <name>.debug_str</name>
         <load_address>0xb1a</load_address>
         <run_address>0xb1a</run_address>
         <size>0x106</size>
         <input_file_ref idref="fl-bf"/>
      </object_component>
      <object_component id="oc-48">
         <name>.debug_str</name>
         <load_address>0xc20</load_address>
         <run_address>0xc20</run_address>
         <size>0x10c</size>
         <input_file_ref idref="fl-c0"/>
      </object_component>
      <object_component id="oc-b0">
         <name>.debug_str</name>
         <load_address>0xd2c</load_address>
         <run_address>0xd2c</run_address>
         <size>0x141</size>
         <input_file_ref idref="fl-c0"/>
      </object_component>
      <object_component id="oc-38">
         <name>.debug_str</name>
         <load_address>0xe6d</load_address>
         <run_address>0xe6d</run_address>
         <size>0x119</size>
         <input_file_ref idref="fl-c1"/>
      </object_component>
      <object_component id="oc-e3">
         <name>.debug_str</name>
         <load_address>0xf86</load_address>
         <run_address>0xf86</run_address>
         <size>0x16c</size>
         <input_file_ref idref="fl-c1"/>
      </object_component>
      <object_component id="oc-a9">
         <name>.debug_str</name>
         <load_address>0x10f2</load_address>
         <run_address>0x10f2</run_address>
         <size>0x159</size>
         <input_file_ref idref="fl-c1"/>
      </object_component>
      <object_component id="oc-163">
         <name>.debug_str</name>
         <load_address>0x124b</load_address>
         <run_address>0x124b</run_address>
         <size>0xee</size>
         <input_file_ref idref="fl-c6"/>
      </object_component>
      <object_component id="oc-177">
         <name>.debug_str</name>
         <load_address>0x1339</load_address>
         <run_address>0x1339</run_address>
         <size>0x158</size>
         <input_file_ref idref="fl-c6"/>
      </object_component>
      <object_component id="oc-168">
         <name>.debug_str</name>
         <load_address>0x1491</load_address>
         <run_address>0x1491</run_address>
         <size>0x151</size>
         <input_file_ref idref="fl-c6"/>
      </object_component>
      <object_component id="oc-16d">
         <name>.debug_str</name>
         <load_address>0x15e2</load_address>
         <run_address>0x15e2</run_address>
         <size>0x198</size>
         <input_file_ref idref="fl-c6"/>
      </object_component>
      <object_component id="oc-a1">
         <name>.debug_pubtypes</name>
         <load_address>0x0</load_address>
         <run_address>0x0</run_address>
         <size>0x25c</size>
         <input_file_ref idref="fl-3"/>
      </object_component>
      <object_component id="oc-95">
         <name>.debug_pubtypes</name>
         <load_address>0x25c</load_address>
         <run_address>0x25c</run_address>
         <size>0xff</size>
         <input_file_ref idref="fl-3"/>
      </object_component>
      <object_component id="oc-9a">
         <name>.debug_pubtypes</name>
         <load_address>0x35b</load_address>
         <run_address>0x35b</run_address>
         <size>0x31</size>
         <input_file_ref idref="fl-3"/>
      </object_component>
      <object_component id="oc-db">
         <name>.debug_pubtypes</name>
         <load_address>0x38c</load_address>
         <run_address>0x38c</run_address>
         <size>0x325</size>
         <input_file_ref idref="fl-3"/>
      </object_component>
      <object_component id="oc-90">
         <name>.debug_pubtypes</name>
         <load_address>0x6b1</load_address>
         <run_address>0x6b1</run_address>
         <size>0xaa</size>
         <input_file_ref idref="fl-3"/>
      </object_component>
      <object_component id="oc-e7">
         <name>.debug_pubtypes</name>
         <load_address>0x75b</load_address>
         <run_address>0x75b</run_address>
         <size>0x1d</size>
         <input_file_ref idref="fl-3"/>
      </object_component>
      <object_component id="oc-3a">
         <name>.debug_pubtypes</name>
         <load_address>0x778</load_address>
         <run_address>0x778</run_address>
         <size>0xed</size>
         <input_file_ref idref="fl-4"/>
      </object_component>
      <object_component id="oc-b5">
         <name>.debug_pubtypes</name>
         <load_address>0x865</load_address>
         <run_address>0x865</run_address>
         <size>0x48</size>
         <input_file_ref idref="fl-bf"/>
      </object_component>
      <object_component id="oc-45">
         <name>.debug_pubtypes</name>
         <load_address>0x8ad</load_address>
         <run_address>0x8ad</run_address>
         <size>0x48</size>
         <input_file_ref idref="fl-c0"/>
      </object_component>
      <object_component id="oc-ad">
         <name>.debug_pubtypes</name>
         <load_address>0x8f5</load_address>
         <run_address>0x8f5</run_address>
         <size>0x1d</size>
         <input_file_ref idref="fl-c0"/>
      </object_component>
      <object_component id="oc-35">
         <name>.debug_pubtypes</name>
         <load_address>0x912</load_address>
         <run_address>0x912</run_address>
         <size>0x5d</size>
         <input_file_ref idref="fl-c1"/>
      </object_component>
      <object_component id="oc-e0">
         <name>.debug_pubtypes</name>
         <load_address>0x96f</load_address>
         <run_address>0x96f</run_address>
         <size>0x48</size>
         <input_file_ref idref="fl-c1"/>
      </object_component>
      <object_component id="oc-a6">
         <name>.debug_pubtypes</name>
         <load_address>0x9b7</load_address>
         <run_address>0x9b7</run_address>
         <size>0x35</size>
         <input_file_ref idref="fl-c1"/>
      </object_component>
      <object_component id="oc-160">
         <name>.debug_pubtypes</name>
         <load_address>0x9ec</load_address>
         <run_address>0x9ec</run_address>
         <size>0x32</size>
         <input_file_ref idref="fl-c6"/>
      </object_component>
      <object_component id="oc-174">
         <name>.debug_pubtypes</name>
         <load_address>0xa1e</load_address>
         <run_address>0xa1e</run_address>
         <size>0x30</size>
         <input_file_ref idref="fl-c6"/>
      </object_component>
      <object_component id="oc-165">
         <name>.debug_pubtypes</name>
         <load_address>0xa4e</load_address>
         <run_address>0xa4e</run_address>
         <size>0x2c</size>
         <input_file_ref idref="fl-c6"/>
      </object_component>
      <object_component id="oc-16a">
         <name>.debug_pubtypes</name>
         <load_address>0xa7a</load_address>
         <run_address>0xa7a</run_address>
         <size>0x50</size>
         <input_file_ref idref="fl-c6"/>
      </object_component>
   </object_component_list>
   <logical_group_list>
      <logical_group id="lg-3" display="no" color="cyan">
         <name>.intvecs</name>
         <load_address>0x0</load_address>
         <run_address>0x0</run_address>
         <size>0x26c</size>
         <contents>
            <object_component_ref idref="oc-f"/>
         </contents>
      </logical_group>
      <logical_group id="lg-4" display="no" color="cyan">
         <name>.text</name>
         <load_address>0x26c</load_address>
         <run_address>0x26c</run_address>
         <size>0x9da</size>
         <contents>
            <object_component_ref idref="oc-2a"/>
            <object_component_ref idref="oc-77"/>
            <object_component_ref idref="oc-3e"/>
            <object_component_ref idref="oc-ba"/>
            <object_component_ref idref="oc-12"/>
            <object_component_ref idref="oc-fb"/>
            <object_component_ref idref="oc-5c"/>
            <object_component_ref idref="oc-7c"/>
            <object_component_ref idref="oc-71"/>
            <object_component_ref idref="oc-18"/>
            <object_component_ref idref="oc-50"/>
            <object_component_ref idref="oc-24"/>
            <object_component_ref idref="oc-c0"/>
            <object_component_ref idref="oc-ef"/>
         </contents>
      </logical_group>
      <logical_group id="lg-5" display="no" color="cyan">
         <name>.const</name>
         <run_address>0x0</run_address>
         <size>0x0</size>
         <contents>
         </contents>
      </logical_group>
      <logical_group id="lg-6" display="no" color="cyan">
         <name>.cinit</name>
         <load_address>0xc48</load_address>
         <run_address>0xc48</run_address>
         <size>0x30</size>
         <contents>
            <object_component_ref idref="oc-1a6"/>
            <object_component_ref idref="oc-1a9"/>
            <object_component_ref idref="oc-1a8"/>
            <object_component_ref idref="oc-1a7"/>
         </contents>
      </logical_group>
      <logical_group id="lg-7" display="no" color="cyan">
         <name>.pinit</name>
         <run_address>0x0</run_address>
         <size>0x0</size>
         <contents>
         </contents>
      </logical_group>
      <logical_group id="lg-8" display="no" color="cyan">
         <name>.init_array</name>
         <run_address>0x0</run_address>
         <size>0x0</size>
         <contents>
         </contents>
      </logical_group>
      <logical_group id="lg-9" display="no" color="cyan">
         <name>.vtable</name>
         <run_address>0x0</run_address>
         <size>0x0</size>
         <contents>
         </contents>
      </logical_group>
      <logical_group id="lg-a" display="no" color="cyan">
         <name>.data</name>
         <run_address>0x20006468</run_address>
         <size>0x4</size>
         <contents>
            <object_component_ref idref="oc-82"/>
         </contents>
      </logical_group>
      <logical_group id="lg-b" display="no" color="cyan">
         <name>.bss</name>
         <run_address>0x20000000</run_address>
         <size>0x6268</size>
         <contents>
            <object_component_ref idref="oc-89"/>
            <object_component_ref idref="oc-8d"/>
            <object_component_ref idref="oc-8c"/>
            <object_component_ref idref="oc-8a"/>
            <object_component_ref idref="oc-8b"/>
            <object_component_ref idref="oc-88"/>
            <object_component_ref idref="oc-85"/>
         </contents>
      </logical_group>
      <logical_group id="lg-c" display="no" color="cyan">
         <name>.sysmem</name>
         <run_address>0x0</run_address>
         <size>0x0</size>
         <contents>
         </contents>
      </logical_group>
      <logical_group id="lg-d" display="no" color="cyan">
         <name>.stack</name>
         <run_address>0x20006268</run_address>
         <size>0x200</size>
         <contents>
            <object_component_ref idref="oc-21"/>
            <object_component_ref idref="oc-1aa"/>
         </contents>
      </logical_group>
      <logical_group id="lg-17f" display="no" color="cyan">
         <name>.TI.noinit</name>
         <run_address>0x0</run_address>
         <size>0x0</size>
         <contents>
         </contents>
      </logical_group>
      <logical_group id="lg-180" display="no" color="cyan">
         <name>.TI.persistent</name>
         <run_address>0x0</run_address>
         <size>0x0</size>
         <contents>
         </contents>
      </logical_group>
      <logical_group id="lg-18e" display="never" color="cyan">
         <name>.debug_info</name>
         <load_address>0x0</load_address>
         <run_address>0x0</run_address>
         <size>0x49a7</size>
         <contents>
            <object_component_ref idref="oc-78"/>
            <object_component_ref idref="oc-86"/>
            <object_component_ref idref="oc-83"/>
            <object_component_ref idref="oc-2c"/>
            <object_component_ref idref="oc-a0"/>
            <object_component_ref idref="oc-94"/>
            <object_component_ref idref="oc-99"/>
            <object_component_ref idref="oc-da"/>
            <object_component_ref idref="oc-8f"/>
            <object_component_ref idref="oc-e6"/>
            <object_component_ref idref="oc-32"/>
            <object_component_ref idref="oc-10"/>
            <object_component_ref idref="oc-27"/>
            <object_component_ref idref="oc-39"/>
            <object_component_ref idref="oc-7d"/>
            <object_component_ref idref="oc-b9"/>
            <object_component_ref idref="oc-53"/>
            <object_component_ref idref="oc-b4"/>
            <object_component_ref idref="oc-49"/>
            <object_component_ref idref="oc-1b"/>
            <object_component_ref idref="oc-44"/>
            <object_component_ref idref="oc-ac"/>
            <object_component_ref idref="oc-aa"/>
            <object_component_ref idref="oc-14"/>
            <object_component_ref idref="oc-34"/>
            <object_component_ref idref="oc-df"/>
            <object_component_ref idref="oc-a5"/>
            <object_component_ref idref="oc-d3"/>
            <object_component_ref idref="oc-72"/>
            <object_component_ref idref="oc-22"/>
            <object_component_ref idref="oc-5d"/>
            <object_component_ref idref="oc-bc"/>
            <object_component_ref idref="oc-41"/>
            <object_component_ref idref="oc-13a"/>
            <object_component_ref idref="oc-fc"/>
            <object_component_ref idref="oc-15f"/>
            <object_component_ref idref="oc-173"/>
            <object_component_ref idref="oc-164"/>
            <object_component_ref idref="oc-169"/>
            <object_component_ref idref="oc-c2"/>
            <object_component_ref idref="oc-f2"/>
            <object_component_ref idref="oc-1ab"/>
         </contents>
      </logical_group>
      <logical_group id="lg-190" display="never" color="cyan">
         <name>.debug_line</name>
         <load_address>0x0</load_address>
         <run_address>0x0</run_address>
         <size>0x1390</size>
         <contents>
            <object_component_ref idref="oc-7b"/>
            <object_component_ref idref="oc-d9"/>
            <object_component_ref idref="oc-d7"/>
            <object_component_ref idref="oc-2b"/>
            <object_component_ref idref="oc-a3"/>
            <object_component_ref idref="oc-97"/>
            <object_component_ref idref="oc-9c"/>
            <object_component_ref idref="oc-dd"/>
            <object_component_ref idref="oc-92"/>
            <object_component_ref idref="oc-e9"/>
            <object_component_ref idref="oc-9f"/>
            <object_component_ref idref="oc-31"/>
            <object_component_ref idref="oc-25"/>
            <object_component_ref idref="oc-3c"/>
            <object_component_ref idref="oc-80"/>
            <object_component_ref idref="oc-ec"/>
            <object_component_ref idref="oc-52"/>
            <object_component_ref idref="oc-b7"/>
            <object_component_ref idref="oc-b2"/>
            <object_component_ref idref="oc-1a"/>
            <object_component_ref idref="oc-47"/>
            <object_component_ref idref="oc-af"/>
            <object_component_ref idref="oc-e5"/>
            <object_component_ref idref="oc-17"/>
            <object_component_ref idref="oc-37"/>
            <object_component_ref idref="oc-e2"/>
            <object_component_ref idref="oc-a8"/>
            <object_component_ref idref="oc-12e"/>
            <object_component_ref idref="oc-76"/>
            <object_component_ref idref="oc-6f"/>
            <object_component_ref idref="oc-60"/>
            <object_component_ref idref="oc-bb"/>
            <object_component_ref idref="oc-3f"/>
            <object_component_ref idref="oc-15e"/>
            <object_component_ref idref="oc-ff"/>
            <object_component_ref idref="oc-162"/>
            <object_component_ref idref="oc-176"/>
            <object_component_ref idref="oc-167"/>
            <object_component_ref idref="oc-16c"/>
            <object_component_ref idref="oc-c1"/>
            <object_component_ref idref="oc-f4"/>
         </contents>
      </logical_group>
      <logical_group id="lg-192" display="never" color="cyan">
         <name>.debug_abbrev</name>
         <load_address>0x0</load_address>
         <run_address>0x0</run_address>
         <size>0xd1b</size>
         <contents>
            <object_component_ref idref="oc-d4"/>
            <object_component_ref idref="oc-d8"/>
            <object_component_ref idref="oc-d6"/>
            <object_component_ref idref="oc-8e"/>
            <object_component_ref idref="oc-a2"/>
            <object_component_ref idref="oc-96"/>
            <object_component_ref idref="oc-9b"/>
            <object_component_ref idref="oc-dc"/>
            <object_component_ref idref="oc-91"/>
            <object_component_ref idref="oc-e8"/>
            <object_component_ref idref="oc-9e"/>
            <object_component_ref idref="oc-30"/>
            <object_component_ref idref="oc-70"/>
            <object_component_ref idref="oc-3b"/>
            <object_component_ref idref="oc-d5"/>
            <object_component_ref idref="oc-eb"/>
            <object_component_ref idref="oc-bf"/>
            <object_component_ref idref="oc-b6"/>
            <object_component_ref idref="oc-b1"/>
            <object_component_ref idref="oc-43"/>
            <object_component_ref idref="oc-46"/>
            <object_component_ref idref="oc-ae"/>
            <object_component_ref idref="oc-e4"/>
            <object_component_ref idref="oc-33"/>
            <object_component_ref idref="oc-36"/>
            <object_component_ref idref="oc-e1"/>
            <object_component_ref idref="oc-a7"/>
            <object_component_ref idref="oc-12d"/>
            <object_component_ref idref="oc-d2"/>
            <object_component_ref idref="oc-6e"/>
            <object_component_ref idref="oc-c9"/>
            <object_component_ref idref="oc-ed"/>
            <object_component_ref idref="oc-ab"/>
            <object_component_ref idref="oc-15d"/>
            <object_component_ref idref="oc-139"/>
            <object_component_ref idref="oc-161"/>
            <object_component_ref idref="oc-175"/>
            <object_component_ref idref="oc-166"/>
            <object_component_ref idref="oc-16b"/>
            <object_component_ref idref="oc-ee"/>
            <object_component_ref idref="oc-12f"/>
            <object_component_ref idref="oc-1ac"/>
         </contents>
      </logical_group>
      <logical_group id="lg-194" display="never" color="cyan">
         <name>.debug_aranges</name>
         <load_address>0x0</load_address>
         <run_address>0x0</run_address>
         <size>0x2c0</size>
         <contents>
            <object_component_ref idref="oc-79"/>
            <object_component_ref idref="oc-2d"/>
            <object_component_ref idref="oc-29"/>
            <object_component_ref idref="oc-7f"/>
            <object_component_ref idref="oc-51"/>
            <object_component_ref idref="oc-1d"/>
            <object_component_ref idref="oc-13"/>
            <object_component_ref idref="oc-74"/>
            <object_component_ref idref="oc-5f"/>
            <object_component_ref idref="oc-be"/>
            <object_component_ref idref="oc-40"/>
            <object_component_ref idref="oc-fd"/>
            <object_component_ref idref="oc-c3"/>
            <object_component_ref idref="oc-f1"/>
         </contents>
      </logical_group>
      <logical_group id="lg-196" display="never" color="cyan">
         <name>.debug_pubnames</name>
         <load_address>0x0</load_address>
         <run_address>0x0</run_address>
         <size>0x4b5</size>
         <contents>
            <object_component_ref idref="oc-7a"/>
            <object_component_ref idref="oc-87"/>
            <object_component_ref idref="oc-84"/>
            <object_component_ref idref="oc-2e"/>
            <object_component_ref idref="oc-11"/>
            <object_component_ref idref="oc-28"/>
            <object_component_ref idref="oc-7e"/>
            <object_component_ref idref="oc-54"/>
            <object_component_ref idref="oc-1c"/>
            <object_component_ref idref="oc-15"/>
            <object_component_ref idref="oc-73"/>
            <object_component_ref idref="oc-23"/>
            <object_component_ref idref="oc-5e"/>
            <object_component_ref idref="oc-bd"/>
            <object_component_ref idref="oc-42"/>
            <object_component_ref idref="oc-fe"/>
            <object_component_ref idref="oc-c4"/>
            <object_component_ref idref="oc-f3"/>
         </contents>
      </logical_group>
      <logical_group id="lg-198" display="never" color="cyan">
         <name>.debug_frame</name>
         <load_address>0x0</load_address>
         <run_address>0x0</run_address>
         <size>0x6a0</size>
         <contents>
            <object_component_ref idref="oc-2f"/>
            <object_component_ref idref="oc-26"/>
            <object_component_ref idref="oc-81"/>
            <object_component_ref idref="oc-55"/>
            <object_component_ref idref="oc-19"/>
            <object_component_ref idref="oc-16"/>
            <object_component_ref idref="oc-75"/>
            <object_component_ref idref="oc-61"/>
            <object_component_ref idref="oc-100"/>
            <object_component_ref idref="oc-c5"/>
            <object_component_ref idref="oc-f0"/>
         </contents>
      </logical_group>
      <logical_group id="lg-19a" display="never" color="cyan">
         <name>.debug_str</name>
         <load_address>0x0</load_address>
         <run_address>0x0</run_address>
         <size>0x177a</size>
         <contents>
            <object_component_ref idref="oc-a4"/>
            <object_component_ref idref="oc-98"/>
            <object_component_ref idref="oc-9d"/>
            <object_component_ref idref="oc-de"/>
            <object_component_ref idref="oc-93"/>
            <object_component_ref idref="oc-ea"/>
            <object_component_ref idref="oc-3d"/>
            <object_component_ref idref="oc-b8"/>
            <object_component_ref idref="oc-48"/>
            <object_component_ref idref="oc-b0"/>
            <object_component_ref idref="oc-38"/>
            <object_component_ref idref="oc-e3"/>
            <object_component_ref idref="oc-a9"/>
            <object_component_ref idref="oc-163"/>
            <object_component_ref idref="oc-177"/>
            <object_component_ref idref="oc-168"/>
            <object_component_ref idref="oc-16d"/>
         </contents>
      </logical_group>
      <logical_group id="lg-19c" display="never" color="cyan">
         <name>.debug_pubtypes</name>
         <load_address>0x0</load_address>
         <run_address>0x0</run_address>
         <size>0xaca</size>
         <contents>
            <object_component_ref idref="oc-a1"/>
            <object_component_ref idref="oc-95"/>
            <object_component_ref idref="oc-9a"/>
            <object_component_ref idref="oc-db"/>
            <object_component_ref idref="oc-90"/>
            <object_component_ref idref="oc-e7"/>
            <object_component_ref idref="oc-3a"/>
            <object_component_ref idref="oc-b5"/>
            <object_component_ref idref="oc-45"/>
            <object_component_ref idref="oc-ad"/>
            <object_component_ref idref="oc-35"/>
            <object_component_ref idref="oc-e0"/>
            <object_component_ref idref="oc-a6"/>
            <object_component_ref idref="oc-160"/>
            <object_component_ref idref="oc-174"/>
            <object_component_ref idref="oc-165"/>
            <object_component_ref idref="oc-16a"/>
         </contents>
      </logical_group>
      <load_segment id="lg-1ae" display="no" color="cyan">
         <name>SEGMENT_0</name>
         <load_address>0x0</load_address>
         <run_address>0x0</run_address>
         <size>0xc78</size>
         <flags>0x5</flags>
         <contents>
            <logical_group_ref idref="lg-3"/>
            <logical_group_ref idref="lg-4"/>
            <logical_group_ref idref="lg-6"/>
         </contents>
      </load_segment>
      <load_segment id="lg-1af" display="no" color="cyan">
         <name>SEGMENT_1</name>
         <run_address>0x20000000</run_address>
         <size>0x646c</size>
         <flags>0x6</flags>
         <contents>
            <logical_group_ref idref="lg-b"/>
            <logical_group_ref idref="lg-d"/>
            <logical_group_ref idref="lg-a"/>
         </contents>
      </load_segment>
   </logical_group_list>
   <placement_map>
      <memory_area display="yes" color="green">
         <name>FLASH</name>
         <page_id>0x0</page_id>
         <origin>0x0</origin>
         <length>0x40000</length>
         <used_space>0xc76</used_space>
         <unused_space>0x3f38a</unused_space>
         <attributes>RX</attributes>
         <usage_details>
            <allocated_space>
               <start_address>0x0</start_address>
               <size>0x26c</size>
               <logical_group_ref idref="lg-3"/>
            </allocated_space>
            <allocated_space>
               <start_address>0x26c</start_address>
               <size>0x9da</size>
               <logical_group_ref idref="lg-4"/>
            </allocated_space>
            <available_space>
               <start_address>0xc46</start_address>
               <size>0x2</size>
            </available_space>
            <allocated_space>
               <start_address>0xc48</start_address>
               <size>0x30</size>
               <logical_group_ref idref="lg-6"/>
            </allocated_space>
            <available_space>
               <start_address>0xc78</start_address>
               <size>0x3f388</size>
            </available_space>
         </usage_details>
      </memory_area>
      <memory_area display="yes" color="green">
         <name>SRAM</name>
         <page_id>0x0</page_id>
         <origin>0x20000000</origin>
         <length>0x8000</length>
         <used_space>0x646c</used_space>
         <unused_space>0x1b94</unused_space>
         <attributes>RWX</attributes>
         <usage_details>
            <allocated_space>
               <start_address>0x20000000</start_address>
               <size>0x6268</size>
               <logical_group_ref idref="lg-b"/>
            </allocated_space>
            <allocated_space>
               <start_address>0x20006268</start_address>
               <size>0x200</size>
               <logical_group_ref idref="lg-d"/>
            </allocated_space>
            <allocated_space>
               <start_address>0x20006468</start_address>
               <size>0x4</size>
               <logical_group_ref idref="lg-a"/>
            </allocated_space>
            <available_space>
               <start_address>0x2000646c</start_address>
               <size>0x1b94</size>
            </available_space>
         </usage_details>
      </memory_area>
   </placement_map>
   <cptbl_list>
      <cptbl>
         <name>__TI_cinit_table</name>
         <cprec>
            <name>.bss</name>
            <load_address>0xc58</load_address>
            <load_size>0x8</load_size>
            <run_address>0x20000000</run_address>
            <run_size>0x6268</run_size>
            <compression>zero_init</compression>
         </cprec>
         <cprec>
            <name>.data</name>
            <load_address>0xc60</load_address>
            <load_size>0x8</load_size>
            <run_address>0x20006468</run_address>
            <run_size>0x4</run_size>
            <compression>lzss</compression>
         </cprec>
      </cptbl>
   </cptbl_list>
   <handler_table>
      <handler_table_name>__TI_handler_table</handler_table_name>
      <handler>
         <index>0x0</index>
         <name>__TI_decompress_lzss</name>
      </handler>
      <handler>
         <index>0x1</index>
         <name>__TI_decompress_none</name>
      </handler>
      <handler>
         <index>0x2</index>
         <name>__TI_zero_init</name>
      </handler>
   </handler_table>
   <symbol_table>
      <symbol id="sm-1">
         <name>__STACK_TOP</name>
         <value>0x20006468</value>
      </symbol>
      <symbol id="sm-2">
         <name>__TI_CINIT_Base</name>
         <value>0xc68</value>
      </symbol>
      <symbol id="sm-3">
         <name>__TI_CINIT_Limit</name>
         <value>0xc78</value>
      </symbol>
      <symbol id="sm-4">
         <name>__TI_Handler_Table_Base</name>
         <value>0xc48</value>
      </symbol>
      <symbol id="sm-5">
         <name>__TI_Handler_Table_Limit</name>
         <value>0xc54</value>
      </symbol>
      <symbol id="sm-6">
         <name>binit</name>
         <value>0xffffffff</value>
      </symbol>
      <symbol id="sm-7">
         <name>__binit__</name>
         <value>0xffffffff</value>
      </symbol>
      <symbol id="sm-8">
         <name>__STACK_SIZE</name>
         <value>0x200</value>
      </symbol>
      <symbol id="sm-9">
         <name>__STACK_END</name>
         <value>0x20006468</value>
      </symbol>
      <symbol id="sm-a">
         <name>__c_args__</name>
         <value>0xffffffff</value>
      </symbol>
      <symbol id="sm-b">
         <name>__TI_pprof_out_hndl</name>
         <value>0xffffffff</value>
      </symbol>
      <symbol id="sm-c">
         <name>__TI_prof_data_start</name>
         <value>0xffffffff</value>
      </symbol>
      <symbol id="sm-d">
         <name>__TI_prof_data_size</name>
         <value>0xffffffff</value>
      </symbol>
      <symbol id="sm-2f">
         <name>getPsp</name>
         <value>0x9e5</value>
         <object_component_ref idref="oc-77"/>
      </symbol>
      <symbol id="sm-30">
         <name>setPsp</name>
         <value>0x945</value>
         <object_component_ref idref="oc-77"/>
      </symbol>
      <symbol id="sm-31">
         <name>pushReg</name>
         <value>0x969</value>
         <object_component_ref idref="oc-77"/>
      </symbol>
      <symbol id="sm-32">
         <name>callSvc</name>
         <value>0x965</value>
         <object_component_ref idref="oc-77"/>
      </symbol>
      <symbol id="sm-33">
         <name>setSp</name>
         <value>0x941</value>
         <object_component_ref idref="oc-77"/>
      </symbol>
      <symbol id="sm-34">
         <name>turnPspOn</name>
         <value>0x94b</value>
         <object_component_ref idref="oc-77"/>
      </symbol>
      <symbol id="sm-35">
         <name>popReg</name>
         <value>0x9a7</value>
         <object_component_ref idref="oc-77"/>
      </symbol>
      <symbol id="sm-e7">
         <name>semaphores</name>
         <value>0x200061e0</value>
      </symbol>
      <symbol id="sm-e8">
         <name>keyPressed</name>
         <value>0x2000625c</value>
      </symbol>
      <symbol id="sm-e9">
         <name>keyReleased</name>
         <value>0x20006260</value>
      </symbol>
      <symbol id="sm-ea">
         <name>flashReq</name>
         <value>0x20006258</value>
      </symbol>
      <symbol id="sm-eb">
         <name>resource</name>
         <value>0x20006264</value>
      </symbol>
      <symbol id="sm-ec">
         <name>stack</name>
         <value>0x20000000</value>
      </symbol>
      <symbol id="sm-ed">
         <name>tcb</name>
         <value>0x20005fd0</value>
      </symbol>
      <symbol id="sm-ee">
         <name>semaphoreCount</name>
         <value>0x20006468</value>
         <object_component_ref idref="oc-82"/>
      </symbol>
      <symbol id="sm-ef">
         <name>idle2</name>
         <value>0x643</value>
         <object_component_ref idref="oc-2a"/>
      </symbol>
      <symbol id="sm-f0">
         <name>initHw</name>
         <value>0x589</value>
         <object_component_ref idref="oc-2a"/>
      </symbol>
      <symbol id="sm-f1">
         <name>initRtos</name>
         <value>0x26d</value>
         <object_component_ref idref="oc-2a"/>
      </symbol>
      <symbol id="sm-f2">
         <name>flash4Hz</name>
         <value>0x65f</value>
         <object_component_ref idref="oc-2a"/>
      </symbol>
      <symbol id="sm-f3">
         <name>pendSvIsr</name>
         <value>0x4e3</value>
         <object_component_ref idref="oc-2a"/>
      </symbol>
      <symbol id="sm-f4">
         <name>rtosScheduler</name>
         <value>0x2bb</value>
         <object_component_ref idref="oc-2a"/>
      </symbol>
      <symbol id="sm-f5">
         <name>taskCount</name>
         <value>0x2000646a</value>
         <object_component_ref idref="oc-82"/>
      </symbol>
      <symbol id="sm-f6">
         <name>idle</name>
         <value>0x627</value>
         <object_component_ref idref="oc-2a"/>
      </symbol>
      <symbol id="sm-f7">
         <name>readKeys</name>
         <value>0x701</value>
         <object_component_ref idref="oc-2a"/>
      </symbol>
      <symbol id="sm-f8">
         <name>destroyThread</name>
         <value>0x439</value>
         <object_component_ref idref="oc-2a"/>
      </symbol>
      <symbol id="sm-f9">
         <name>systickIsr</name>
         <value>0x4e1</value>
         <object_component_ref idref="oc-2a"/>
      </symbol>
      <symbol id="sm-fa">
         <name>restartThread</name>
         <value>0x42f</value>
         <object_component_ref idref="oc-2a"/>
      </symbol>
      <symbol id="sm-fb">
         <name>main</name>
         <value>0x82d</value>
         <object_component_ref idref="oc-2a"/>
      </symbol>
      <symbol id="sm-fc">
         <name>shell</name>
         <value>0x81f</value>
         <object_component_ref idref="oc-2a"/>
      </symbol>
      <symbol id="sm-fd">
         <name>debounce</name>
         <value>0x7a1</value>
         <object_component_ref idref="oc-2a"/>
      </symbol>
      <symbol id="sm-fe">
         <name>createSemaphore</name>
         <value>0x451</value>
         <object_component_ref idref="oc-2a"/>
      </symbol>
      <symbol id="sm-ff">
         <name>partOfLengthyFn</name>
         <value>0x693</value>
         <object_component_ref idref="oc-2a"/>
      </symbol>
      <symbol id="sm-100">
         <name>oneshot</name>
         <value>0x673</value>
         <object_component_ref idref="oc-2a"/>
      </symbol>
      <symbol id="sm-101">
         <name>readPbs</name>
         <value>0x623</value>
         <object_component_ref idref="oc-2a"/>
      </symbol>
      <symbol id="sm-102">
         <name>wait</name>
         <value>0x4cd</value>
         <object_component_ref idref="oc-2a"/>
      </symbol>
      <symbol id="sm-103">
         <name>svCallIsr</name>
         <value>0x56f</value>
         <object_component_ref idref="oc-2a"/>
      </symbol>
      <symbol id="sm-104">
         <name>taskCurrent</name>
         <value>0x20006469</value>
         <object_component_ref idref="oc-82"/>
      </symbol>
      <symbol id="sm-105">
         <name>post</name>
         <value>0x4d7</value>
         <object_component_ref idref="oc-2a"/>
      </symbol>
      <symbol id="sm-106">
         <name>uncooperative</name>
         <value>0x7e7</value>
         <object_component_ref idref="oc-2a"/>
      </symbol>
      <symbol id="sm-107">
         <name>startRtos</name>
         <value>0x485</value>
         <object_component_ref idref="oc-2a"/>
      </symbol>
      <symbol id="sm-108">
         <name>important</name>
         <value>0x7f7</value>
         <object_component_ref idref="oc-2a"/>
      </symbol>
      <symbol id="sm-109">
         <name>setThreadPriority</name>
         <value>0x443</value>
         <object_component_ref idref="oc-2a"/>
      </symbol>
      <symbol id="sm-10a">
         <name>createThread</name>
         <value>0x31d</value>
         <object_component_ref idref="oc-2a"/>
      </symbol>
      <symbol id="sm-10b">
         <name>lengthyFn</name>
         <value>0x6a3</value>
         <object_component_ref idref="oc-2a"/>
      </symbol>
      <symbol id="sm-10c">
         <name>yield</name>
         <value>0x4bb</value>
         <object_component_ref idref="oc-2a"/>
      </symbol>
      <symbol id="sm-10d">
         <name>sleep</name>
         <value>0x4c3</value>
         <object_component_ref idref="oc-2a"/>
      </symbol>
      <symbol id="sm-12e">
         <name>ResetISR</name>
         <value>0xc33</value>
         <object_component_ref idref="oc-24"/>
      </symbol>
      <symbol id="sm-12f">
         <name>g_pfnVectors</name>
         <value>0x0</value>
         <object_component_ref idref="oc-f"/>
      </symbol>
      <symbol id="sm-13d">
         <name>waitMicrosecond</name>
         <value>0xbe1</value>
         <object_component_ref idref="oc-7c"/>
      </symbol>
      <symbol id="sm-14f">
         <name>__TI_zero_init</name>
         <value>0xc27</value>
         <object_component_ref idref="oc-50"/>
      </symbol>
      <symbol id="sm-166">
         <name>__TI_decompress_none</name>
         <value>0xc19</value>
         <object_component_ref idref="oc-18"/>
      </symbol>
      <symbol id="sm-189">
         <name>__TI_decompress_lzss</name>
         <value>0xb01</value>
         <object_component_ref idref="oc-12"/>
      </symbol>
      <symbol id="sm-197">
         <name>strcpy</name>
         <value>0xc05</value>
         <object_component_ref idref="oc-71"/>
      </symbol>
      <symbol id="sm-1aa">
         <name>__stack</name>
         <value>0x20006268</value>
         <object_component_ref idref="oc-21"/>
      </symbol>
      <symbol id="sm-1ab">
         <name>_c_int00_noargs</name>
         <value>0xbad</value>
         <object_component_ref idref="oc-5c"/>
      </symbol>
      <symbol id="sm-1ba">
         <name>__aeabi_memset</name>
         <value>0xa89</value>
         <object_component_ref idref="oc-ba"/>
      </symbol>
      <symbol id="sm-1bb">
         <name>memset</name>
         <value>0xa8f</value>
         <object_component_ref idref="oc-ba"/>
      </symbol>
      <symbol id="sm-1bc">
         <name>__aeabi_memset8</name>
         <value>0xa89</value>
         <object_component_ref idref="oc-ba"/>
      </symbol>
      <symbol id="sm-1bd">
         <name>__aeabi_memset4</name>
         <value>0xa89</value>
         <object_component_ref idref="oc-ba"/>
      </symbol>
      <symbol id="sm-1be">
         <name>__aeabi_memclr8</name>
         <value>0xa87</value>
         <object_component_ref idref="oc-ba"/>
      </symbol>
      <symbol id="sm-1bf">
         <name>__aeabi_memclr4</name>
         <value>0xa87</value>
         <object_component_ref idref="oc-ba"/>
      </symbol>
      <symbol id="sm-1c0">
         <name>__aeabi_memclr</name>
         <value>0xa87</value>
         <object_component_ref idref="oc-ba"/>
      </symbol>
      <symbol id="sm-1db">
         <name>memcpy</name>
         <value>0x9eb</value>
         <object_component_ref idref="oc-3e"/>
      </symbol>
      <symbol id="sm-1dc">
         <name>__aeabi_memcpy</name>
         <value>0x9eb</value>
         <object_component_ref idref="oc-3e"/>
      </symbol>
      <symbol id="sm-1dd">
         <name>__aeabi_memcpy8</name>
         <value>0x9eb</value>
         <object_component_ref idref="oc-3e"/>
      </symbol>
      <symbol id="sm-1de">
         <name>__aeabi_memcpy4</name>
         <value>0x9eb</value>
         <object_component_ref idref="oc-3e"/>
      </symbol>
      <symbol id="sm-206">
         <name>__TI_auto_init_nobinit_nopinit</name>
         <value>0xb69</value>
         <object_component_ref idref="oc-fb"/>
      </symbol>
      <symbol id="sm-210">
         <name>_system_pre_init</name>
         <value>0xc3f</value>
         <object_component_ref idref="oc-c0"/>
      </symbol>
      <symbol id="sm-21c">
         <name>C$$EXIT</name>
         <value>0xc43</value>
         <object_component_ref idref="oc-ef"/>
      </symbol>
      <symbol id="sm-21d">
         <name>abort</name>
         <value>0xc43</value>
         <object_component_ref idref="oc-ef"/>
      </symbol>
      <symbol id="sm-220">
         <name>__TI_static_base__</name>
         <value>0x0</value>
      </symbol>
      <symbol id="sm-223">
         <name>__mpu_init</name>
         <value>0x0</value>
      </symbol>
      <symbol id="sm-224">
         <name>_system_post_cinit</name>
         <value>0x0</value>
      </symbol>
   </symbol_table>
   <title>Link successful</title>
</link_info>
